Component: ARM Compiler 5.06 update 6 (build 750) Tool: armlink [4d35ed]

==============================================================================

Section Cross References

    startup_stm32l476xx.o(RESET) refers to startup_stm32l476xx.o(STACK) for __initial_sp
    startup_stm32l476xx.o(RESET) refers to startup_stm32l476xx.o(.text) for Reset_Handler
    startup_stm32l476xx.o(RESET) refers to stm32l4xx_it.o(i.NMI_Handler) for NMI_Handler
    startup_stm32l476xx.o(RESET) refers to stm32l4xx_it.o(i.HardFault_Handler) for HardFault_Handler
    startup_stm32l476xx.o(RESET) refers to stm32l4xx_it.o(i.MemManage_Handler) for MemManage_Handler
    startup_stm32l476xx.o(RESET) refers to stm32l4xx_it.o(i.BusFault_Handler) for BusFault_Handler
    startup_stm32l476xx.o(RESET) refers to stm32l4xx_it.o(i.UsageFault_Handler) for UsageFault_Handler
    startup_stm32l476xx.o(RESET) refers to stm32l4xx_it.o(i.SVC_Handler) for SVC_Handler
    startup_stm32l476xx.o(RESET) refers to stm32l4xx_it.o(i.DebugMon_Handler) for DebugMon_Handler
    startup_stm32l476xx.o(RESET) refers to stm32l4xx_it.o(i.PendSV_Handler) for PendSV_Handler
    startup_stm32l476xx.o(RESET) refers to stm32l4xx_it.o(i.SysTick_Handler) for SysTick_Handler
    startup_stm32l476xx.o(RESET) refers to stm32l4xx_it.o(i.ADC1_2_IRQHandler) for ADC1_2_IRQHandler
    startup_stm32l476xx.o(RESET) refers to stm32l4xx_it.o(i.EXTI9_5_IRQHandler) for EXTI9_5_IRQHandler
    startup_stm32l476xx.o(RESET) refers to stm32l4xx_it.o(i.USART1_IRQHandler) for USART1_IRQHandler
    startup_stm32l476xx.o(RESET) refers to stm32l4xx_it.o(i.USART3_IRQHandler) for USART3_IRQHandler
    startup_stm32l476xx.o(.text) refers to system_stm32l4xx.o(i.SystemInit) for SystemInit
    startup_stm32l476xx.o(.text) refers to entry.o(.ARM.Collect$$$$00000000) for __main
    main.o(i.App_AlarmTask) refers to main.o(i.App_BuzzerStart) for App_BuzzerStart
    main.o(i.App_AlarmTask) refers to main.o(i.App_BuzzerStop) for App_BuzzerStop
    main.o(i.App_AlarmTask) refers to main.o(.data) for .data
    main.o(i.App_BluetoothTask) refers to main.o(i.App_ClimateComfortText) for App_ClimateComfortText
    main.o(i.App_BluetoothTask) refers to stm32l4xx_hal.o(i.HAL_GetTick) for HAL_GetTick
    main.o(i.App_BluetoothTask) refers to main.o(i.App_GpsGetActive) for App_GpsGetActive
    main.o(i.App_BluetoothTask) refers to printfa.o(i.__0snprintf) for __2snprintf
    main.o(i.App_BluetoothTask) refers to printfa.o(i.__0printf) for __2printf
    main.o(i.App_BluetoothTask) refers to main.o(.data) for .data
    main.o(i.App_BluetoothTask) refers to main.o(.bss) for .bss
    main.o(i.App_BluetoothTask) refers to main.o(.conststring) for .conststring
    main.o(i.App_BtHandleByte) refers to strncpy.o(.text) for strncpy
    main.o(i.App_BtHandleByte) refers to main.o(.bss) for .bss
    main.o(i.App_BtHandleByte) refers to main.o(.data) for .data
    main.o(i.App_BtParseCoordinateText) refers to strncmp.o(.text) for strncmp
    main.o(i.App_BtParseCoordinateText) refers to strncpy.o(.text) for strncpy
    main.o(i.App_BtParseCoordinateText) refers to strlen.o(.text) for strlen
    main.o(i.App_BtParseCoordinateText) refers to memmovea.o(.text) for __aeabi_memmove4
    main.o(i.App_BtParseCoordinateText) refers to strtok.o(.text) for strtok
    main.o(i.App_BtParseCoordinateText) refers to strtod.o(i.__hardfp_strtod) for __hardfp_strtod
    main.o(i.App_BtParseCoordinateText) refers to cdcmple.o(.text) for __aeabi_cdcmple
    main.o(i.App_BtParseCoordinateText) refers to cdrcmple.o(.text) for __aeabi_cdrcmple
    main.o(i.App_BtParseCoordinateText) refers to memseta.o(.text) for __aeabi_memclr4
    main.o(i.App_BtParseCoordinateText) refers to printfa.o(i.__0snprintf) for __2snprintf
    main.o(i.App_BtParseCoordinateText) refers to stm32l4xx_hal.o(i.HAL_GetTick) for HAL_GetTick
    main.o(i.App_BtProcessPending) refers to strcmp.o(.text) for strcmp
    main.o(i.App_BtProcessPending) refers to main.o(i.App_BtParseCoordinateText) for App_BtParseCoordinateText
    main.o(i.App_BtProcessPending) refers to main.o(i.App_GpsParseSentenceToState) for App_GpsParseSentenceToState
    main.o(i.App_BtProcessPending) refers to memseta.o(.text) for __aeabi_memclr4
    main.o(i.App_BtProcessPending) refers to main.o(.data) for .data
    main.o(i.App_BtProcessPending) refers to main.o(.bss) for .bss
    main.o(i.App_BuzzerStart) refers to stm32l4xx_hal_tim.o(i.HAL_TIM_PWM_Start) for HAL_TIM_PWM_Start
    main.o(i.App_BuzzerStart) refers to main.o(i.App_BuzzerStop) for App_BuzzerStop
    main.o(i.App_BuzzerStart) refers to tim.o(.bss) for htim3
    main.o(i.App_BuzzerStart) refers to main.o(.data) for .data
    main.o(i.App_BuzzerStop) refers to stm32l4xx_hal_tim.o(i.HAL_TIM_PWM_Stop) for HAL_TIM_PWM_Stop
    main.o(i.App_BuzzerStop) refers to tim.o(.bss) for htim3
    main.o(i.App_BuzzerStop) refers to main.o(.data) for .data
    main.o(i.App_ClimateComfortText) refers to main.o(i.App_OledTask) for i.App_OledTask
[...]
    I2C2_ER_IRQHandler                       0x080001b7   Thumb Code     0  startup_stm32l476xx.o(.text)
    I2C2_EV_IRQHandler                       0x080001b7   Thumb Code     0  startup_stm32l476xx.o(.text)
    I2C3_ER_IRQHandler                       0x080001b7   Thumb Code     0  startup_stm32l476xx.o(.text)
    I2C3_EV_IRQHandler                       0x080001b7   Thumb Code     0  startup_stm32l476xx.o(.text)
    LCD_IRQHandler                           0x080001b7   Thumb Code     0  startup_stm32l476xx.o(.text)
    LPTIM1_IRQHandler                        0x080001b7   Thumb Code     0  startup_stm32l476xx.o(.text)
    LPTIM2_IRQHandler                        0x080001b7   Thumb Code     0  startup_stm32l476xx.o(.text)
    LPUART1_IRQHandler                       0x080001b7   Thumb Code     0  startup_stm32l476xx.o(.text)
    OTG_FS_IRQHandler                        0x080001b7   Thumb Code     0  startup_stm32l476xx.o(.text)
    PVD_PVM_IRQHandler                       0x080001b7   Thumb Code     0  startup_stm32l476xx.o(.text)
    QUADSPI_IRQHandler                       0x080001b7   Thumb Code     0  startup_stm32l476xx.o(.text)
    RCC_IRQHandler                           0x080001b7   Thumb Code     0  startup_stm32l476xx.o(.text)
    RNG_IRQHandler                           0x080001b7   Thumb Code     0  startup_stm32l476xx.o(.text)
    RTC_Alarm_IRQHandler                     0x080001b7   Thumb Code     0  startup_stm32l476xx.o(.text)
    RTC_WKUP_IRQHandler                      0x080001b7   Thumb Code     0  startup_stm32l476xx.o(.text)
    SAI1_IRQHandler                          0x080001b7   Thumb Code     0  startup_stm32l476xx.o(.text)
    SAI2_IRQHandler                          0x080001b7   Thumb Code     0  startup_stm32l476xx.o(.text)
    SDMMC1_IRQHandler                        0x080001b7   Thumb Code     0  startup_stm32l476xx.o(.text)
    SPI1_IRQHandler                          0x080001b7   Thumb Code     0  startup_stm32l476xx.o(.text)
    SPI2_IRQHandler                          0x080001b7   Thumb Code     0  startup_stm32l476xx.o(.text)
    SPI3_IRQHandler                          0x080001b7   Thumb Code     0  startup_stm32l476xx.o(.text)
    SWPMI1_IRQHandler                        0x080001b7   Thumb Code     0  startup_stm32l476xx.o(.text)
    TAMP_STAMP_IRQHandler                    0x080001b7   Thumb Code     0  startup_stm32l476xx.o(.text)
    TIM1_BRK_TIM15_IRQHandler                0x080001b7   Thumb Code     0  startup_stm32l476xx.o(.text)
    TIM1_CC_IRQHandler                       0x080001b7   Thumb Code     0  startup_stm32l476xx.o(.text)
    TIM1_TRG_COM_TIM17_IRQHandler            0x080001b7   Thumb Code     0  startup_stm32l476xx.o(.text)
    TIM1_UP_TIM16_IRQHandler                 0x080001b7   Thumb Code     0  startup_stm32l476xx.o(.text)
    TIM2_IRQHandler                          0x080001b7   Thumb Code     0  startup_stm32l476xx.o(.text)
    TIM3_IRQHandler                          0x080001b7   Thumb Code     0  startup_stm32l476xx.o(.text)
    TIM4_IRQHandler                          0x080001b7   Thumb Code     0  startup_stm32l476xx.o(.text)
    TIM5_IRQHandler                          0x080001b7   Thumb Code     0  startup_stm32l476xx.o(.text)
    TIM6_DAC_IRQHandler                      0x080001b7   Thumb Code     0  startup_stm32l476xx.o(.text)
    TIM7_IRQHandler                          0x080001b7   Thumb Code     0  startup_stm32l476xx.o(.text)
    TIM8_BRK_IRQHandler                      0x080001b7   Thumb Code     0  startup_stm32l476xx.o(.text)
    TIM8_CC_IRQHandler                       0x080001b7   Thumb Code     0  startup_stm32l476xx.o(.text)
    TIM8_TRG_COM_IRQHandler                  0x080001b7   Thumb Code     0  startup_stm32l476xx.o(.text)
    TIM8_UP_IRQHandler                       0x080001b7   Thumb Code     0  startup_stm32l476xx.o(.text)
    TSC_IRQHandler                           0x080001b7   Thumb Code     0  startup_stm32l476xx.o(.text)
    UART4_IRQHandler                         0x080001b7   Thumb Code     0  startup_stm32l476xx.o(.text)
    UART5_IRQHandler                         0x080001b7   Thumb Code     0  startup_stm32l476xx.o(.text)
    USART2_IRQHandler                        0x080001b7   Thumb Code     0  startup_stm32l476xx.o(.text)
    WWDG_IRQHandler                          0x080001b7   Thumb Code     0  startup_stm32l476xx.o(.text)
    __aeabi_uldivmod                         0x080001c1   Thumb Code    98  uldiv.o(.text)
    __aeabi_ldivmod                          0x08000229   Thumb Code    98  ldiv.o(.text)
    ___aeabi_memcpy4$move                    0x0800028b   Thumb Code     0  memmovea.o(.text)
    ___aeabi_memcpy8$move                    0x0800028b   Thumb Code     0  memmovea.o(.text)
    __aeabi_memcpy                           0x0800028b   Thumb Code    64  memmovea.o(.text)
    __aeabi_memmove                          0x0800028b   Thumb Code     0  memmovea.o(.text)
    __aeabi_memmove4                         0x0800028b   Thumb Code     0  memmovea.o(.text)
    __aeabi_memmove8                         0x0800028b   Thumb Code     0  memmovea.o(.text)
    __aeabi_memset                           0x080002cb   Thumb Code    14  memseta.o(.text)
    __aeabi_memset4                          0x080002cb   Thumb Code     0  memseta.o(.text)
    __aeabi_memset8                          0x080002cb   Thumb Code     0  memseta.o(.text)
    __aeabi_memclr                           0x080002d9   Thumb Code     4  memseta.o(.text)
    __aeabi_memclr4                          0x080002d9   Thumb Code     0  memseta.o(.text)
    __aeabi_memclr8                          0x080002d9   Thumb Code     0  memseta.o(.text)
    _memset$wrapper                          0x080002dd   Thumb Code    18  memseta.o(.text)
    strncpy                                  0x080002ef   Thumb Code    24  strncpy.o(.text)
    strchr                                   0x08000307   Thumb Code    20  strchr.o(.text)
    strlen                                   0x0800031b   Thumb Code    14  strlen.o(.text)
    strcmp                                   0x08000329   Thumb Code    28  strcmp.o(.text)
    memcmp                                   0x08000345   Thumb Code    26  memcmp.o(.text)
    strcpy                                   0x0800035f   Thumb Code    18  strcpy.o(.text)
    strncmp                                  0x08000371   Thumb Code    30  strncmp.o(.text)
    strtok                                   0x08000391   Thumb Code    62  strtok.o(.text)
    __aeabi_dadd                             0x080003d5   Thumb Code   322  dadd.o(.text)
    __aeabi_dsub                             0x08000517   Thumb Code     6  dadd.o(.text)
    __aeabi_drsub                            0x0800051d   Thumb Code     6  dadd.o(.text)
    __aeabi_dmul                             0x08000533   Thumb Code   228  dmul.o(.text)
    __aeabi_ddiv                             0x0800061d   Thumb Code   222  ddiv.o(.text)
    __aeabi_f2d                              0x080006fb   Thumb Code    38  f2d.o(.text)
    __aeabi_cdcmpeq                          0x08000721   Thumb Code     0  cdcmple.o(.text)
    __aeabi_cdcmple                          0x08000721   Thumb Code    48  cdcmple.o(.text)
    __aeabi_cdrcmple                         0x08000751   Thumb Code    48  cdrcmple.o(.text)
    __aeabi_d2f                              0x08000781   Thumb Code    56  d2f.o(.text)
    __aeabi_uidiv                            0x080007b9   Thumb Code     0  uidiv.o(.text)
    __aeabi_uidivmod                         0x080007b9   Thumb Code    44  uidiv.o(.text)
    __aeabi_llsl                             0x080007e5   Thumb Code    30  llshl.o(.text)
    _ll_shift_l                              0x080007e5   Thumb Code     0  llshl.o(.text)
    __aeabi_llsr                             0x08000803   Thumb Code    32  llushr.o(.text)
    _ll_ushift_r                             0x08000803   Thumb Code     0  llushr.o(.text)
    __aeabi_lasr                             0x08000823   Thumb Code    36  llsshr.o(.text)
    _ll_sshift_r                             0x08000823   Thumb Code     0  llsshr.o(.text)
    __strtod_int                             0x0800087f   Thumb Code    90  strtod.o(.text)
    __I$use$fp                               0x080008e5   Thumb Code     0  iusefp.o(.text)
    _float_round                             0x080008e5   Thumb Code    18  fepilogue.o(.text)
    _float_epilogue                          0x080008f7   Thumb Code    92  fepilogue.o(.text)
    _double_round                            0x08000953   Thumb Code    30  depilogue.o(.text)
    _double_epilogue                         0x08000971   Thumb Code   156  depilogue.o(.text)
    __aeabi_d2ulz                            0x08000a0d   Thumb Code    48  dfixul.o(.text)
    __scatterload                            0x08000a3d   Thumb Code    28  init.o(.text)
    __scatterload_rt2                        0x08000a3d   Thumb Code     0  init.o(.text)
    isspace                                  0x08000a61   Thumb Code    10  isspace_c.o(.text)
    _scanf_real                              0x08000b95   Thumb Code     0  scanf_fp.o(.text)
    _scanf_really_real                       0x08000b95   Thumb Code   556  scanf_fp.o(.text)
    _sgetc                                   0x08000dd3   Thumb Code    30  _sgetc.o(.text)
    _sbackspace                              0x08000df1   Thumb Code    34  _sgetc.o(.text)
    _dsqrt                                   0x08000e13   Thumb Code   162  dsqrt.o(.text)
    __ctype_lookup                           0x08000eb5   Thumb Code    34  ctype_c.o(.text)
    __aeabi_ul2d                             0x08000edd   Thumb Code    24  dfltul.o(.text)
    ADC1_2_IRQHandler                        0x08000ef5   Thumb Code     6  stm32l4xx_it.o(i.ADC1_2_IRQHandler)
    ADC_ConversionStop                       0x08000f01   Thumb Code   220  stm32l4xx_hal_adc.o(i.ADC_ConversionStop)
    ADC_Disable                              0x08000fe5   Thumb Code   106  stm32l4xx_hal_adc.o(i.ADC_Disable)
    ADC_Enable                               0x08001055   Thumb Code   154  stm32l4xx_hal_adc.o(i.ADC_Enable)
    BCD_DEC                                  0x08002951   Thumb Code    18  ds3231.o(i.BCD_DEC)
    BusFault_Handler                         0x08002963   Thumb Code     2  stm32l4xx_it.o(i.BusFault_Handler)
    DH11_Read                                0x08002965   Thumb Code   240  dht11.o(i.DH11_Read)
    DS3231_ReadTime                          0x08002ad9   Thumb Code   132  ds3231.o(i.DS3231_ReadTime)
    DS3231_ReadTime_ReturnPoint              0x08002b65   Thumb Code     4  ds3231.o(i.DS3231_ReadTime_ReturnPoint)
    DebugMon_Handler                         0x08002b6d   Thumb Code     2  stm32l4xx_it.o(i.DebugMon_Handler)
    Delay_us                                 0x08002b71   Thumb Code    44  dht11.o(i.Delay_us)
    EXTI9_5_IRQHandler                       0x08002ba1   Thumb Code     6  stm32l4xx_it.o(i.EXTI9_5_IRQHandler)
    Error_Handler                            0x08002ba7   Thumb Code     4  main.o(i.Error_Handler)
    HAL_ADCEx_EndOfSamplingCallback          0x08002bab   Thumb Code     2  stm32l4xx_hal_adc_ex.o(i.HAL_ADCEx_EndOfSamplingCallback)
    HAL_ADCEx_InjectedConvCpltCallback       0x08002bad   Thumb Code     2  stm32l4xx_hal_adc_ex.o(i.HAL_ADCEx_InjectedConvCpltCallback)
    HAL_ADCEx_InjectedQueueOverflowCallback  0x08002baf   Thumb Code     2  stm32l4xx_hal_adc_ex.o(i.HAL_ADCEx_InjectedQueueOverflowCallback)
    HAL_ADCEx_LevelOutOfWindow2Callback      0x08002bb1   Thumb Code     2  stm32l4xx_hal_adc_ex.o(i.HAL_ADCEx_LevelOutOfWindow2Callback)
    HAL_ADCEx_LevelOutOfWindow3Callback      0x08002bb3   Thumb Code     2  stm32l4xx_hal_adc_ex.o(i.HAL_ADCEx_LevelOutOfWindow3Callback)
    HAL_ADCEx_MultiModeConfigChannel         0x08002bb5   Thumb Code   234  stm32l4xx_hal_adc_ex.o(i.HAL_ADCEx_MultiModeConfigChannel)
    HAL_ADC_ConfigChannel                    0x08002cb1   Thumb Code   966  stm32l4xx_hal_adc.o(i.HAL_ADC_ConfigChannel)
    HAL_ADC_ConvCpltCallback                 0x080030af   Thumb Code     2  stm32l4xx_hal_adc.o(i.HAL_ADC_ConvCpltCallback)
    HAL_ADC_ErrorCallback                    0x080030b1   Thumb Code     2  stm32l4xx_hal_adc.o(i.HAL_ADC_ErrorCallback)
    HAL_ADC_GetValue                         0x080030b3   Thumb Code     6  stm32l4xx_hal_adc.o(i.HAL_ADC_GetValue)
    HAL_ADC_IRQHandler                       0x080030b9   Thumb Code   612  stm32l4xx_hal_adc.o(i.HAL_ADC_IRQHandler)
    HAL_ADC_Init                             0x08003339   Thumb Code   410  stm32l4xx_hal_adc.o(i.HAL_ADC_Init)
    HAL_ADC_LevelOutOfWindowCallback         0x080034fd   Thumb Code     2  stm32l4xx_hal_adc.o(i.HAL_ADC_LevelOutOfWindowCallback)
    HAL_ADC_MspInit                          0x08003501   Thumb Code   150  adc.o(i.HAL_ADC_MspInit)
    HAL_ADC_PollForConversion                0x080035a5   Thumb Code   240  stm32l4xx_hal_adc.o(i.HAL_ADC_PollForConversion)
    HAL_ADC_Start                            0x080036a1   Thumb Code   228  stm32l4xx_hal_adc.o(i.HAL_ADC_Start)
    HAL_ADC_Stop                             0x08003795   Thumb Code    62  stm32l4xx_hal_adc.o(i.HAL_ADC_Stop)
    HAL_DMA_Abort                            0x080037d3   Thumb Code    74  stm32l4xx_hal_dma.o(i.HAL_DMA_Abort)
    HAL_DMA_Abort_IT                         0x0800381d   Thumb Code    78  stm32l4xx_hal_dma.o(i.HAL_DMA_Abort_IT)
    HAL_Delay                                0x0800386d   Thumb Code    32  stm32l4xx_hal.o(i.HAL_Delay)
    HAL_GPIO_EXTI_Callback                   0x08003891   Thumb Code    12  max30102.o(i.HAL_GPIO_EXTI_Callback)
    HAL_GPIO_EXTI_IRQHandler                 0x080038a1   Thumb Code    18  stm32l4xx_hal_gpio.o(i.HAL_GPIO_EXTI_IRQHandler)
    HAL_GPIO_Init                            0x080038b9   Thumb Code   500  stm32l4xx_hal_gpio.o(i.HAL_GPIO_Init)
    HAL_GPIO_ReadPin                         0x08003ad7   Thumb Code    10  stm32l4xx_hal_gpio.o(i.HAL_GPIO_ReadPin)
    HAL_GPIO_WritePin                        0x08003ae1   Thumb Code    10  stm32l4xx_hal_gpio.o(i.HAL_GPIO_WritePin)
    HAL_GetTick                              0x08003aed   Thumb Code     6  stm32l4xx_hal.o(i.HAL_GetTick)
    HAL_I2CEx_ConfigAnalogFilter             0x08003af9   Thumb Code    86  stm32l4xx_hal_i2c_ex.o(i.HAL_I2CEx_ConfigAnalogFilter)
    HAL_I2CEx_ConfigDigitalFilter            0x08003b4f   Thumb Code    82  stm32l4xx_hal_i2c_ex.o(i.HAL_I2CEx_ConfigDigitalFilter)
    HAL_I2C_Init                             0x08003ba1   Thumb Code   184  stm32l4xx_hal_i2c.o(i.HAL_I2C_Init)
    HAL_I2C_Mem_Read                         0x08003c5d   Thumb Code   348  stm32l4xx_hal_i2c.o(i.HAL_I2C_Mem_Read)
    HAL_I2C_Mem_Write                        0x08003dc9   Thumb Code   340  stm32l4xx_hal_i2c.o(i.HAL_I2C_Mem_Write)
    HAL_I2C_MspInit                          0x08003f29   Thumb Code   274  i2c.o(i.HAL_I2C_MspInit)
    HAL_IncTick                              0x08004055   Thumb Code    12  stm32l4xx_hal.o(i.HAL_IncTick)
    HAL_Init                                 0x08004065   Thumb Code    30  stm32l4xx_hal.o(i.HAL_Init)
    HAL_InitTick                             0x08004085   Thumb Code    58  stm32l4xx_hal.o(i.HAL_InitTick)
    HAL_MspInit                              0x080040c9   Thumb Code    38  stm32l4xx_hal_msp.o(i.HAL_MspInit)
    HAL_NVIC_EnableIRQ                       0x080040f5   Thumb Code    26  stm32l4xx_hal_cortex.o(i.HAL_NVIC_EnableIRQ)
    HAL_NVIC_SetPriority                     0x08004111   Thumb Code    60  stm32l4xx_hal_cortex.o(i.HAL_NVIC_SetPriority)
    HAL_NVIC_SetPriorityGrouping             0x08004151   Thumb Code    26  stm32l4xx_hal_cortex.o(i.HAL_NVIC_SetPriorityGrouping)
    HAL_PWREx_ControlVoltageScaling          0x08004175   Thumb Code    90  stm32l4xx_hal_pwr_ex.o(i.HAL_PWREx_ControlVoltageScaling)
    HAL_PWREx_GetVoltageRange                0x080041dd   Thumb Code    10  stm32l4xx_hal_pwr_ex.o(i.HAL_PWREx_GetVoltageRange)
    HAL_PWR_EnableBkUpAccess                 0x080041ed   Thumb Code    12  stm32l4xx_hal_pwr.o(i.HAL_PWR_EnableBkUpAccess)
    HAL_RCCEx_EnableMSIPLLMode               0x080041fd   Thumb Code    12  stm32l4xx_hal_rcc_ex.o(i.HAL_RCCEx_EnableMSIPLLMode)
    HAL_RCCEx_PeriphCLKConfig                0x0800420d   Thumb Code   928  stm32l4xx_hal_rcc_ex.o(i.HAL_RCCEx_PeriphCLKConfig)
    HAL_RCC_ClockConfig                      0x080045bd   Thumb Code   304  stm32l4xx_hal_rcc.o(i.HAL_RCC_ClockConfig)
    HAL_RCC_GetPCLK1Freq                     0x08004701   Thumb Code    24  stm32l4xx_hal_rcc.o(i.HAL_RCC_GetPCLK1Freq)
    HAL_RCC_GetPCLK2Freq                     0x08004725   Thumb Code    24  stm32l4xx_hal_rcc.o(i.HAL_RCC_GetPCLK2Freq)
    HAL_RCC_GetSysClockFreq                  0x08004749   Thumb Code   150  stm32l4xx_hal_rcc.o(i.HAL_RCC_GetSysClockFreq)
    HAL_RCC_OscConfig                        0x080047ed   Thumb Code  1294  stm32l4xx_hal_rcc.o(i.HAL_RCC_OscConfig)
    HAL_SYSTICK_Config                       0x08004d05   Thumb Code    40  stm32l4xx_hal_cortex.o(i.HAL_SYSTICK_Config)
    HAL_TIMEx_MasterConfigSynchronization    0x08004d2d   Thumb Code   130  stm32l4xx_hal_tim_ex.o(i.HAL_TIMEx_MasterConfigSynchronization)
    HAL_TIM_Base_Init                        0x08004dc9   Thumb Code    98  stm32l4xx_hal_tim.o(i.HAL_TIM_Base_Init)
    HAL_TIM_Base_MspInit                     0x08004e2d   Thumb Code    52  tim.o(i.HAL_TIM_Base_MspInit)
    HAL_TIM_Base_Start                       0x08004e6d   Thumb Code    90  stm32l4xx_hal_tim.o(i.HAL_TIM_Base_Start)
    HAL_TIM_Base_Stop                        0x08004ee5   Thumb Code    38  stm32l4xx_hal_tim.o(i.HAL_TIM_Base_Stop)
    HAL_TIM_ConfigClockSource                0x08004f0d   Thumb Code   220  stm32l4xx_hal_tim.o(i.HAL_TIM_ConfigClockSource)
    HAL_TIM_MspPostInit                      0x08004fed   Thumb Code    68  tim.o(i.HAL_TIM_MspPostInit)
    HAL_TIM_PWM_ConfigChannel                0x0800503d   Thumb Code   292  stm32l4xx_hal_tim.o(i.HAL_TIM_PWM_ConfigChannel)
    HAL_TIM_PWM_Init                         0x08005161   Thumb Code    98  stm32l4xx_hal_tim.o(i.HAL_TIM_PWM_Init)
    HAL_TIM_PWM_MspInit                      0x080051c5   Thumb Code    30  tim.o(i.HAL_TIM_PWM_MspInit)
    HAL_TIM_PWM_Start                        0x080051ed   Thumb Code   224  stm32l4xx_hal_tim.o(i.HAL_TIM_PWM_Start)
    HAL_TIM_PWM_Stop                         0x080052f1   Thumb Code   152  stm32l4xx_hal_tim.o(i.HAL_TIM_PWM_Stop)
    HAL_UARTEx_RxEventCallback               0x0800539d   Thumb Code     2  stm32l4xx_hal_uart.o(i.HAL_UARTEx_RxEventCallback)
    HAL_UARTEx_WakeupCallback                0x0800539f   Thumb Code     2  stm32l4xx_hal_uart_ex.o(i.HAL_UARTEx_WakeupCallback)
    HAL_UART_ErrorCallback                   0x080053a1   Thumb Code    50  main.o(i.HAL_UART_ErrorCallback)
    HAL_UART_IRQHandler                      0x080053e9   Thumb Code   704  stm32l4xx_hal_uart.o(i.HAL_UART_IRQHandler)
    HAL_UART_Init                            0x080056b1   Thumb Code   102  stm32l4xx_hal_uart.o(i.HAL_UART_Init)
    HAL_UART_MspInit                         0x08005719   Thumb Code   230  usart.o(i.HAL_UART_MspInit)
    HAL_UART_Receive_IT                      0x08005811   Thumb Code    66  stm32l4xx_hal_uart.o(i.HAL_UART_Receive_IT)
    HAL_UART_RxCpltCallback                  0x08005859   Thumb Code    56  main.o(i.HAL_UART_RxCpltCallback)
    HAL_UART_Transmit                        0x080058a5   Thumb Code   164  stm32l4xx_hal_uart.o(i.HAL_UART_Transmit)
    HAL_UART_TxCpltCallback                  0x08005949   Thumb Code     2  stm32l4xx_hal_uart.o(i.HAL_UART_TxCpltCallback)
    HardFault_Handler                        0x0800594b   Thumb Code     2  stm32l4xx_it.o(i.HardFault_Handler)
    IIC_Ack                                  0x08005ca1   Thumb Code    66  iic.o(i.IIC_Ack)
    IIC_GPIO_Init                            0x08005cf9   Thumb Code    90  iic.o(i.IIC_GPIO_Init)
    IIC_NAck                                 0x08005d5d   Thumb Code    52  iic.o(i.IIC_NAck)
    IIC_Read_Byte                            0x08005d95   Thumb Code    96  iic.o(i.IIC_Read_Byte)
    IIC_Send_Byte                            0x08005df9   Thumb Code    98  iic.o(i.IIC_Send_Byte)
    IIC_Start                                0x08005e61   Thumb Code    64  iic.o(i.IIC_Start)
    IIC_Stop                                 0x08005ea5   Thumb Code    46  iic.o(i.IIC_Stop)
    IIC_Wait_Ack                             0x08005ed9   Thumb Code    70  iic.o(i.IIC_Wait_Ack)
    Int_MAX30102_FingerDetected              0x08006035   Thumb Code     6  max30102.o(i.Int_MAX30102_FingerDetected)
    Int_MAX30102_GetSpo2AndHeartRate         0x08006041   Thumb Code   210  max30102.o(i.Int_MAX30102_GetSpo2AndHeartRate)
    Int_MAX30102_Init                        0x0800613d   Thumb Code   142  max30102.o(i.Int_MAX30102_Init)
    Int_MAX30102_ReadByte                    0x080061d1   Thumb Code    32  max30102.o(i.Int_MAX30102_ReadByte)
    Int_MAX30102_Read_Len                    0x080061f5   Thumb Code    30  max30102.o(i.Int_MAX30102_Read_Len)
    Int_MAX30102_Reset                       0x08006219   Thumb Code    20  max30102.o(i.Int_MAX30102_Reset)
    Int_MAX30102_ResultUpdated               0x0800622d   Thumb Code    10  max30102.o(i.Int_MAX30102_ResultUpdated)
    Int_MAX30102_WriteByte                   0x08006445   Thumb Code    38  max30102.o(i.Int_MAX30102_WriteByte)
    MPU_Get_Accelerometer                    0x080064d3   Thumb Code    50  mpu6050.o(i.MPU_Get_Accelerometer)
    MPU_Get_Gyroscope                        0x08006505   Thumb Code    50  mpu6050.o(i.MPU_Get_Gyroscope)
    MPU_Init                                 0x08006537   Thumb Code   118  mpu6050.o(i.MPU_Init)
    MPU_Read_Byte                            0x080065ad   Thumb Code    58  mpu6050.o(i.MPU_Read_Byte)
    MPU_Read_Len                             0x080065e9   Thumb Code   108  mpu6050.o(i.MPU_Read_Len)
    MPU_Set_Accel_Fsr                        0x08006655   Thumb Code    10  mpu6050.o(i.MPU_Set_Accel_Fsr)
    MPU_Set_Gyro_Fsr                         0x0800665f   Thumb Code    10  mpu6050.o(i.MPU_Set_Gyro_Fsr)
    MPU_Set_LPF                              0x08006669   Thumb Code    48  mpu6050.o(i.MPU_Set_LPF)
    MPU_Set_Rate                             0x08006699   Thumb Code    46  mpu6050.o(i.MPU_Set_Rate)
    MPU_Write_Byte                           0x080066c7   Thumb Code    60  mpu6050.o(i.MPU_Write_Byte)
    MPU_Write_Len                            0x08006703   Thumb Code    82  mpu6050.o(i.MPU_Write_Len)
    MX_ADC1_Init                             0x08006755   Thumb Code   128  adc.o(i.MX_ADC1_Init)
    MX_GPIO_Init                             0x080067e1   Thumb Code   286  gpio.o(i.MX_GPIO_Init)
    MX_I2C1_Init                             0x0800690d   Thumb Code    76  i2c.o(i.MX_I2C1_Init)
    MX_I2C2_Init                             0x08006965   Thumb Code    76  i2c.o(i.MX_I2C2_Init)
    MX_I2C3_Init                             0x080069bd   Thumb Code    76  i2c.o(i.MX_I2C3_Init)
    MX_TIM1_Init                             0x08006a15   Thumb Code   100  tim.o(i.MX_TIM1_Init)
    MX_TIM3_Init                             0x08006a81   Thumb Code   106  tim.o(i.MX_TIM3_Init)
    MX_TIM4_Init                             0x08006af5   Thumb Code    96  tim.o(i.MX_TIM4_Init)
    MX_USART1_UART_Init                      0x08006b5d   Thumb Code    52  usart.o(i.MX_USART1_UART_Init)
    MX_USART3_UART_Init                      0x08006b99   Thumb Code    52  usart.o(i.MX_USART3_UART_Init)
    MemManage_Handler                        0x08006bd5   Thumb Code     2  stm32l4xx_it.o(i.MemManage_Handler)
    NMI_Handler                              0x08006bd7   Thumb Code     2  stm32l4xx_it.o(i.NMI_Handler)
    OLED_Init                                0x08006bd9   Thumb Code    28  oled.o(i.OLED_Init)
    OLED_Set_Pos                             0x08006bf9   Thumb Code    34  oled.o(i.OLED_Set_Pos)
    OLED_ShowChar                            0x08006c1d   Thumb Code   148  oled.o(i.OLED_ShowChar)
    OLED_ShowString                          0x08006cb9   Thumb Code    88  oled.o(i.OLED_ShowString)
    OLED_WR_CMD                              0x08006d11   Thumb Code    32  oled.o(i.OLED_WR_CMD)
    OLED_WR_DATA                             0x08006d35   Thumb Code    32  oled.o(i.OLED_WR_DATA)
    PendSV_Handler                           0x08006d59   Thumb Code     2  stm32l4xx_it.o(i.PendSV_Handler)
    SVC_Handler                              0x0800700d   Thumb Code     2  stm32l4xx_it.o(i.SVC_Handler)
    SysTick_Handler                          0x0800700f   Thumb Code     4  stm32l4xx_it.o(i.SysTick_Handler)
    SystemClock_Config                       0x08007015   Thumb Code   136  main.o(i.SystemClock_Config)
    SystemInit                               0x080070a1   Thumb Code    12  system_stm32l4xx.o(i.SystemInit)
    TIM_Base_SetConfig                       0x080070b1   Thumb Code   174  stm32l4xx_hal_tim.o(i.TIM_Base_SetConfig)
    TIM_CCxChannelCmd                        0x08007181   Thumb Code    26  stm32l4xx_hal_tim.o(i.TIM_CCxChannelCmd)
    TIM_ETR_SetConfig                        0x0800719b   Thumb Code    20  stm32l4xx_hal_tim.o(i.TIM_ETR_SetConfig)
    TIM_OC2_SetConfig                        0x0800725d   Thumb Code   120  stm32l4xx_hal_tim.o(i.TIM_OC2_SetConfig)
    UART_AdvFeatureConfig                    0x08007517   Thumb Code   200  stm32l4xx_hal_uart.o(i.UART_AdvFeatureConfig)
    UART_CheckIdleState                      0x080075df   Thumb Code   168  stm32l4xx_hal_uart.o(i.UART_CheckIdleState)
    UART_SetConfig                           0x08007879   Thumb Code   542  stm32l4xx_hal_uart.o(i.UART_SetConfig)
    UART_Start_Receive_IT                    0x08007ac1   Thumb Code   174  stm32l4xx_hal_uart.o(i.UART_Start_Receive_IT)
    UART_WaitOnFlagUntilTimeout              0x08007b79   Thumb Code   148  stm32l4xx_hal_uart.o(i.UART_WaitOnFlagUntilTimeout)
    USART1_IRQHandler                        0x08007c0d   Thumb Code     6  stm32l4xx_it.o(i.USART1_IRQHandler)
    USART3_IRQHandler                        0x08007c19   Thumb Code     6  stm32l4xx_it.o(i.USART3_IRQHandler)
    UsageFault_Handler                       0x08007c25   Thumb Code     2  stm32l4xx_it.o(i.UsageFault_Handler)
    __0printf                                0x08007c29   Thumb Code    22  printfa.o(i.__0printf)
    __1printf                                0x08007c29   Thumb Code     0  printfa.o(i.__0printf)
    __2printf                                0x08007c29   Thumb Code     0  printfa.o(i.__0printf)
    __c89printf                              0x08007c29   Thumb Code     0  printfa.o(i.__0printf)
    printf                                   0x08007c29   Thumb Code     0  printfa.o(i.__0printf)
    __0snprintf                              0x08007c49   Thumb Code    44  printfa.o(i.__0snprintf)
    __1snprintf                              0x08007c49   Thumb Code     0  printfa.o(i.__0snprintf)
    __2snprintf                              0x08007c49   Thumb Code     0  printfa.o(i.__0snprintf)
    __c89snprintf                            0x08007c49   Thumb Code     0  printfa.o(i.__0snprintf)
    snprintf                                 0x08007c49   Thumb Code     0  printfa.o(i.__0snprintf)
    __ARM_fpclassify                         0x08007c79   Thumb Code    48  fpclassify.o(i.__ARM_fpclassify)
    __ARM_fpclassifyf                        0x08007ca9   Thumb Code    38  fpclassifyf.o(i.__ARM_fpclassifyf)
    __hardfp_asin                            0x08007cf1   Thumb Code   770  asin.o(i.__hardfp_asin)
    __hardfp_atan                            0x08008079   Thumb Code   622  atan.o(i.__hardfp_atan)
    __hardfp_atan2                           0x08008351   Thumb Code   432  atan2.o(i.__hardfp_atan2)
    __hardfp_atan2f                          0x08008541   Thumb Code   502  atan2f.o(i.__hardfp_atan2f)
    __hardfp_sqrtf                           0x08008791   Thumb Code    58  sqrtf.o(i.__hardfp_sqrtf)
    __hardfp_strtod                          0x080087d1   Thumb Code    30  strtod.o(i.__hardfp_strtod)
    __kernel_poly                            0x080087f9   Thumb Code   248  poly.o(i.__kernel_poly)
    __mathlib_dbl_infnan                     0x080088f1   Thumb Code    20  dunder.o(i.__mathlib_dbl_infnan)
    __mathlib_dbl_infnan2                    0x08008905   Thumb Code    20  dunder.o(i.__mathlib_dbl_infnan2)
    __mathlib_dbl_invalid                    0x08008919   Thumb Code    24  dunder.o(i.__mathlib_dbl_invalid)
    __mathlib_dbl_underflow                  0x08008939   Thumb Code    24  dunder.o(i.__mathlib_dbl_underflow)
    __mathlib_flt_infnan2                    0x08008959   Thumb Code     6  funder.o(i.__mathlib_flt_infnan2)
    __mathlib_flt_underflow                  0x08008961   Thumb Code    10  funder.o(i.__mathlib_flt_underflow)
    __scatterload_copy                       0x08008971   Thumb Code    14  handlers.o(i.__scatterload_copy)
    __scatterload_null                       0x0800897f   Thumb Code     2  handlers.o(i.__scatterload_null)
    __scatterload_zeroinit                   0x08008981   Thumb Code    14  handlers.o(i.__scatterload_zeroinit)
    __set_errno                              0x08008991   Thumb Code     6  errno.o(i.__set_errno)
    _is_digit                                0x08008b27   Thumb Code    14  scanf_fp.o(i._is_digit)
    atan                                     0x08009311   Thumb Code    16  atan.o(i.atan)
    dmp_enable_6x_lp_quat                    0x08009321   Thumb Code    58  inv_mpu_dmp_motion_driver.o(i.dmp_enable_6x_lp_quat)
    dmp_enable_feature                       0x0800935d   Thumb Code   464  inv_mpu_dmp_motion_driver.o(i.dmp_enable_feature)
    dmp_enable_gyro_cal                      0x08009535   Thumb Code    34  inv_mpu_dmp_motion_driver.o(i.dmp_enable_gyro_cal)
    dmp_enable_lp_quat                       0x08009571   Thumb Code    58  inv_mpu_dmp_motion_driver.o(i.dmp_enable_lp_quat)
    dmp_load_motion_driver_firmware          0x080095ad   Thumb Code    16  inv_mpu_dmp_motion_driver.o(i.dmp_load_motion_driver_firmware)
    dmp_read_fifo                            0x080095c1   Thumb Code   324  inv_mpu_dmp_motion_driver.o(i.dmp_read_fifo)
    dmp_set_accel_bias                       0x08009711   Thumb Code   210  inv_mpu_dmp_motion_driver.o(i.dmp_set_accel_bias)
    dmp_set_fifo_rate                        0x080097e9   Thumb Code    82  inv_mpu_dmp_motion_driver.o(i.dmp_set_fifo_rate)
    dmp_set_gyro_bias                        0x0800984d   Thumb Code   196  inv_mpu_dmp_motion_driver.o(i.dmp_set_gyro_bias)
    dmp_set_orientation                      0x08009919   Thumb Code   246  inv_mpu_dmp_motion_driver.o(i.dmp_set_orientation)
    dmp_set_shake_reject_thresh              0x08009a25   Thumb Code    48  inv_mpu_dmp_motion_driver.o(i.dmp_set_shake_reject_thresh)
    dmp_set_shake_reject_time                0x08009a55   Thumb Code    32  inv_mpu_dmp_motion_driver.o(i.dmp_set_shake_reject_time)
    dmp_set_shake_reject_timeout             0x08009a75   Thumb Code    32  inv_mpu_dmp_motion_driver.o(i.dmp_set_shake_reject_timeout)
    dmp_set_tap_axes                         0x08009a95   Thumb Code    64  inv_mpu_dmp_motion_driver.o(i.dmp_set_tap_axes)
    dmp_set_tap_count                        0x08009ad5   Thumb Code    34  inv_mpu_dmp_motion_driver.o(i.dmp_set_tap_count)
    dmp_set_tap_thresh                       0x08009af9   Thumb Code   314  inv_mpu_dmp_motion_driver.o(i.dmp_set_tap_thresh)
    dmp_set_tap_time                         0x08009c59   Thumb Code    32  inv_mpu_dmp_motion_driver.o(i.dmp_set_tap_time)
    dmp_set_tap_time_multi                   0x08009c79   Thumb Code    32  inv_mpu_dmp_motion_driver.o(i.dmp_set_tap_time_multi)
    fabs                                     0x08009c99   Thumb Code    24  fabs.o(i.fabs)
    fputc                                    0x08009cb1   Thumb Code    24  usart.o(i.fputc)
    inv_orientation_matrix_to_scalar         0x0800a171   Thumb Code    34  inv_mpu.o(i.inv_orientation_matrix_to_scalar)
    inv_row_2_scale                          0x0800a193   Thumb Code    72  inv_mpu.o(i.inv_row_2_scale)
    main                                     0x0800a1dd   Thumb Code   358  main.o(i.main)
    maxim_find_peaks                         0x0800a355   Thumb Code    50  algorithm.o(i.maxim_find_peaks)
    maxim_heart_rate_and_oxygen_saturation   0x0800a389   Thumb Code   934  algorithm.o(i.maxim_heart_rate_and_oxygen_saturation)
    maxim_peaks_above_min_height             0x0800a74b   Thumb Code   106  algorithm.o(i.maxim_peaks_above_min_height)
    maxim_remove_close_peaks                 0x0800a7b5   Thumb Code   108  algorithm.o(i.maxim_remove_close_peaks)
    maxim_sort_ascend                        0x0800a821   Thumb Code    50  algorithm.o(i.maxim_sort_ascend)
    maxim_sort_indices_descend               0x0800a855   Thumb Code    58  algorithm.o(i.maxim_sort_indices_descend)
    mget_ms                                  0x0800a88f   Thumb Code     2  inv_mpu.o(i.mget_ms)
    mpu_configure_fifo                       0x0800a891   Thumb Code    78  inv_mpu.o(i.mpu_configure_fifo)
    mpu_dmp_get_data                         0x0800a8e5   Thumb Code   344  inv_mpu.o(i.mpu_dmp_get_data)
    mpu_dmp_init                             0x0800aa55   Thumb Code   158  inv_mpu.o(i.mpu_dmp_init)
    mpu_get_accel_fsr                        0x0800aaf9   Thumb Code    54  inv_mpu.o(i.mpu_get_accel_fsr)
    mpu_get_accel_sens                       0x0800ab35   Thumb Code    62  inv_mpu.o(i.mpu_get_accel_sens)
    mpu_get_gyro_fsr                         0x0800ab79   Thumb Code    48  inv_mpu.o(i.mpu_get_gyro_fsr)
    mpu_get_gyro_sens                        0x0800abad   Thumb Code    54  inv_mpu.o(i.mpu_get_gyro_sens)
    mpu_get_lpf                              0x0800abf9   Thumb Code    52  inv_mpu.o(i.mpu_get_lpf)
    mpu_get_sample_rate                      0x0800ac31   Thumb Code    22  inv_mpu.o(i.mpu_get_sample_rate)
    mpu_init                                 0x0800ac4d   Thumb Code   310  inv_mpu.o(i.mpu_init)
    mpu_load_firmware                        0x0800add5   Thumb Code   154  inv_mpu.o(i.mpu_load_firmware)
    mpu_lp_accel_mode                        0x0800ae7d   Thumb Code   178  inv_mpu.o(i.mpu_lp_accel_mode)
    mpu_read_fifo_stream                     0x0800af35   Thumb Code   140  inv_mpu.o(i.mpu_read_fifo_stream)
    mpu_read_mem                             0x0800afc5   Thumb Code    80  inv_mpu.o(i.mpu_read_mem)
    mpu_reset_fifo                           0x0800b019   Thumb Code   346  inv_mpu.o(i.mpu_reset_fifo)
    mpu_run_self_test                        0x0800b179   Thumb Code   234  inv_mpu.o(i.mpu_run_self_test)
    mpu_set_accel_fsr                        0x0800b269   Thumb Code    98  inv_mpu.o(i.mpu_set_accel_fsr)
    mpu_set_bypass                           0x0800b2d1   Thumb Code   214  inv_mpu.o(i.mpu_set_bypass)
    mpu_set_dmp_state                        0x0800b3ad   Thumb Code   114  inv_mpu.o(i.mpu_set_dmp_state)
    mpu_set_gyro_fsr                         0x0800b425   Thumb Code   104  inv_mpu.o(i.mpu_set_gyro_fsr)
    mpu_set_int_latched                      0x0800b491   Thumb Code    94  inv_mpu.o(i.mpu_set_int_latched)
    mpu_set_lpf                              0x0800b4f5   Thumb Code   102  inv_mpu.o(i.mpu_set_lpf)
    mpu_set_sample_rate                      0x0800b561   Thumb Code   124  inv_mpu.o(i.mpu_set_sample_rate)
    mpu_set_sensors                          0x0800b5e1   Thumb Code   178  inv_mpu.o(i.mpu_set_sensors)
    mpu_write_mem                            0x0800b699   Thumb Code    80  inv_mpu.o(i.mpu_write_mem)
    run_self_test                            0x0800b6ed   Thumb Code   136  inv_mpu.o(i.run_self_test)
    sqrt                                     0x0800b7cd   Thumb Code   110  sqrt.o(i.sqrt)
    AHBPrescTable                            0x0800b848   Data          16  system_stm32l4xx.o(.constdata)
    MSIRangeTable                            0x0800b858   Data          48  system_stm32l4xx.o(.constdata)
    APBPrescTable                            0x0800b888   Data           8  system_stm32l4xx.o(.constdata)
    F6x8                                     0x0800b890   Data         552  oledfont.o(.constdata)
    F8X16                                    0x0800bab8   Data        1504  oledfont.o(.constdata)
    auw_hamm                                 0x0800c098   Data          62  algorithm.o(.constdata)
    uch_spo2_table                           0x0800c0d6   Data         184  algorithm.o(.constdata)
    reg                                      0x0800c18e   Data          27  inv_mpu.o(.constdata)
    hw                                       0x0800c1aa   Data          12  inv_mpu.o(.constdata)
    test                                     0x0800c1b8   Data          40  inv_mpu.o(.constdata)
    __mathlib_zero                           0x0800cec0   Data           8  qnan.o(.constdata)
    __ctype_categories                       0x0800cec8   Data          64  ctype_c.o(.constdata)
    Region$$Table$$Base                      0x0800d040   Number         0  anon$$obj.o(Region$$Table)
    Region$$Table$$Limit                     0x0800d060   Number         0  anon$$obj.o(Region$$Table)
    uwTickFreq                               0x20000070   Data           1  stm32l4xx_hal.o(.data)
    uwTickPrio                               0x20000074   Data           4  stm32l4xx_hal.o(.data)
    uwTick                                   0x20000078   Data           4  stm32l4xx_hal.o(.data)
    SystemCoreClock                          0x2000007c   Data           4  system_stm32l4xx.o(.data)
    CMD_Data                                 0x20000080   Data          23  oled.o(.data)
    ch_spo2_valid                            0x2000009d   Data           1  max30102.o(.data)
    ch_hr_valid                              0x2000009e   Data           1  max30102.o(.data)
    max30102_INT                             0x2000009f   Data           1  max30102.o(.data)
    n_ir_buffer_length                       0x200000a4   Data           4  max30102.o(.data)
    n_sp02                                   0x200000a8   Data           4  max30102.o(.data)
    n_heart_rate                             0x200000ac   Data           4  max30102.o(.data)
    DH11_data                                0x200000b6   Data           8  dht11.o(.data)
    __stdout                                 0x20000104   Data           4  stdout.o(.data)
    hadc1                                    0x20000454   Data         100  adc.o(.bss)
    hi2c1                                    0x200004b8   Data          84  i2c.o(.bss)
    hi2c2                                    0x2000050c   Data          84  i2c.o(.bss)
    hi2c3                                    0x20000560   Data          84  i2c.o(.bss)
    htim1                                    0x200005b4   Data          76  tim.o(.bss)
    htim3                                    0x20000600   Data          76  tim.o(.bss)
    htim4                                    0x2000064c   Data          76  tim.o(.bss)
    huart1                                   0x20000698   Data         136  usart.o(.bss)
    huart3                                   0x20000720   Data         136  usart.o(.bss)
    aun_ir_buffer                            0x20001f08   Data        2000  max30102.o(.bss)
    aun_red_buffer                           0x200026d8   Data        2000  max30102.o(.bss)
    __initial_sp                             0x200032b8   Data           0  startup_stm32l476xx.o(STACK)



==============================================================================

Memory Map of the image

  Image Entry point : 0x08000189

  Load Region LR_IROM1 (Base: 0x08000000, Size: 0x0000d16c, Max: 0x00100000, ABSOLUTE)

    Execution Region ER_IROM1 (Exec base: 0x08000000, Load base: 0x08000000, Size: 0x0000d060, Max: 0x00100000, ABSOLUTE)

    Exec Addr    Load Addr    Size         Type   Attr      Idx    E Section Name        Object

    0x08000000   0x08000000   0x00000188   Data   RO            3    RESET               startup_stm32l476xx.o
    0x08000188   0x08000188   0x00000000   Code   RO         5964  * .ARM.Collect$$$$00000000  mc_w.l(entry.o)
    0x08000188   0x08000188   0x00000004   Code   RO         6345    .ARM.Collect$$$$00000001  mc_w.l(entry2.o)
    0x0800018c   0x0800018c   0x00000004   Code   RO         6348    .ARM.Collect$$$$00000004  mc_w.l(entry5.o)
    0x08000190   0x08000190   0x00000000   Code   RO         6350    .ARM.Collect$$$$00000008  mc_w.l(entry7b.o)
    0x08000190   0x08000190   0x00000000   Code   RO         6352    .ARM.Collect$$$$0000000A  mc_w.l(entry8b.o)
    0x08000190   0x08000190   0x00000008   Code   RO         6353    .ARM.Collect$$$$0000000B  mc_w.l(entry9a.o)
    0x08000198   0x08000198   0x00000000   Code   RO         6355    .ARM.Collect$$$$0000000D  mc_w.l(entry10a.o)
    0x08000198   0x08000198   0x00000000   Code   RO         6357    .ARM.Collect$$$$0000000F  mc_w.l(entry11a.o)
    0x08000198   0x08000198   0x00000004   Code   RO         6346    .ARM.Collect$$$$00002712  mc_w.l(entry2.o)
    0x0800019c   0x0800019c   0x00000024   Code   RO            4    .text               startup_stm32l476xx.o
    0x080001c0   0x080001c0   0x00000068   Code   RO         5967    .text               mc_w.l(uldiv.o)
    0x08000228   0x08000228   0x00000062   Code   RO         5969    .text               mc_w.l(ldiv.o)
    0x0800028a   0x0800028a   0x00000040   Code   RO         5973    .text               mc_w.l(memmovea.o)
    0x080002ca   0x080002ca   0x00000024   Code   RO         5975    .text               mc_w.l(memseta.o)
    0x080002ee   0x080002ee   0x00000018   Code   RO         5977    .text               mc_w.l(strncpy.o)
    0x08000306   0x08000306   0x00000014   Code   RO         5979    .text               mc_w.l(strchr.o)
    0x0800031a   0x0800031a   0x0000000e   Code   RO         5981    .text               mc_w.l(strlen.o)
    0x08000328   0x08000328   0x0000001c   Code   RO         5983    .text               mc_w.l(strcmp.o)
    0x08000344   0x08000344   0x0000001a   Code   RO         5985    .text               mc_w.l(memcmp.o)
    0x0800035e   0x0800035e   0x00000012   Code   RO         5987    .text               mc_w.l(strcpy.o)
    0x08000370   0x08000370   0x0000001e   Code   RO         5989    .text               mc_w.l(strncmp.o)
    0x0800038e   0x0800038e   0x00000002   PAD
    0x08000390   0x08000390   0x00000044   Code   RO         5991    .text               mc_w.l(strtok.o)
    0x080003d4   0x080003d4   0x0000015e   Code   RO         6262    .text               mf_w.l(dadd.o)
    0x08000532   0x08000532   0x000000ea   Code   RO         6264    .text               mf_w.l(dmul.o)
    0x0800061c   0x0800061c   0x000000de   Code   RO         6266    .text               mf_w.l(ddiv.o)
    0x080006fa   0x080006fa   0x00000026   Code   RO         6270    .text               mf_w.l(f2d.o)
    0x08000720   0x08000720   0x00000030   Code   RO         6272    .text               mf_w.l(cdcmple.o)
    0x08000750   0x08000750   0x00000030   Code   RO         6274    .text               mf_w.l(cdrcmple.o)
    0x08000780   0x08000780   0x00000038   Code   RO         6276    .text               mf_w.l(d2f.o)
    0x080007b8   0x080007b8   0x0000002c   Code   RO         6360    .text               mc_w.l(uidiv.o)
    0x080007e4   0x080007e4   0x0000001e   Code   RO         6362    .text               mc_w.l(llshl.o)
    0x08000802   0x08000802   0x00000020   Code   RO         6364    .text               mc_w.l(llushr.o)
    0x08000822   0x08000822   0x00000024   Code   RO         6366    .text               mc_w.l(llsshr.o)
    0x08000846   0x08000846   0x00000002   PAD
    0x08000848   0x08000848   0x0000009c   Code   RO         6375    .text               mc_w.l(strtod.o)
    0x080008e4   0x080008e4   0x00000000   Code   RO         6377    .text               mc_w.l(iusefp.o)
    0x080008e4   0x080008e4   0x0000006e   Code   RO         6378    .text               mf_w.l(fepilogue.o)
    0x08000952   0x08000952   0x000000ba   Code   RO         6380    .text               mf_w.l(depilogue.o)
    0x08000a0c   0x08000a0c   0x00000030   Code   RO         6384    .text               mf_w.l(dfixul.o)
    0x08000a3c   0x08000a3c   0x00000024   Code   RO         6386    .text               mc_w.l(init.o)
    0x08000a60   0x08000a60   0x0000000a   Code   RO         6388    .text               mc_w.l(isspace_c.o)
    0x08000a6a   0x08000a6a   0x00000002   PAD
    0x08000a6c   0x08000a6c   0x00000366   Code   RO         6390    .text               mc_w.l(scanf_fp.o)
    0x08000dd2   0x08000dd2   0x00000040   Code   RO         6394    .text               mc_w.l(_sgetc.o)
    0x08000e12   0x08000e12   0x000000a2   Code   RO         6396    .text               mf_w.l(dsqrt.o)
    0x08000eb4   0x08000eb4   0x00000028   Code   RO         6398    .text               mc_w.l(ctype_c.o)
    0x08000edc   0x08000edc   0x00000018   Code   RO         6401    .text               mf_w.l(dfltul.o)
    0x08000ef4   0x08000ef4   0x0000000c   Code   RO          635    i.ADC1_2_IRQHandler  stm32l4xx_it.o
    0x08000f00   0x08000f00   0x000000e4   Code   RO          759    i.ADC_ConversionStop  stm32l4xx_hal_adc.o
    0x08000fe4   0x08000fe4   0x00000070   Code   RO          763    i.ADC_Disable       stm32l4xx_hal_adc.o
    0x08001054   0x08001054   0x000000ac   Code   RO          764    i.ADC_Enable        stm32l4xx_hal_adc.o
    0x08001100   0x08001100   0x00000074   Code   RO           13    i.App_AlarmTask     main.o
    0x08001174   0x08001174   0x0000019a   Code   RO           14    i.App_BluetoothTask  main.o
    0x0800130e   0x0800130e   0x00000002   PAD
    0x08001310   0x08001310   0x00000054   Code   RO           15    i.App_BtHandleByte  main.o
    0x08001364   0x08001364   0x000001e8   Code   RO           16    i.App_BtParseCoordinateText  main.o
    0x0800154c   0x0800154c   0x0000007c   Code   RO           17    i.App_BtProcessPending  main.o
    0x080015c8   0x080015c8   0x00000050   Code   RO           18    i.App_BuzzerStart   main.o
    0x08001618   0x08001618   0x00000020   Code   RO           19    i.App_BuzzerStop    main.o
    0x08001638   0x08001638   0x00000090   Code   RO           20    i.App_ClimateComfortText  main.o
    0x080016c8   0x080016c8   0x00000044   Code   RO           21    i.App_DaysInMonth   main.o
    0x0800170c   0x0800170c   0x00000024   Code   RO           22    i.App_DhtTask       main.o
    0x08001730   0x08001730   0x0000007c   Code   RO           23    i.App_FilterHeartRate  main.o
    0x080017ac   0x080017ac   0x00000040   Code   RO           24    i.App_GpsGetActive  main.o
    0x080017ec   0x080017ec   0x00000054   Code   RO           25    i.App_GpsHandleByte  main.o
    0x08001840   0x08001840   0x0000046e   Code   RO           26    i.App_GpsParseSentenceToState  main.o
    0x08001cae   0x08001cae   0x0000001e   Code   RO           27    i.App_GpsStateFresh  main.o
    0x08001ccc   0x08001ccc   0x00000142   Code   RO           28    i.App_KeysTask      main.o
    0x08001e0e   0x08001e0e   0x00000002   PAD
    0x08001e10   0x08001e10   0x0000004c   Code   RO           29    i.App_LightTask     main.o
    0x08001e5c   0x08001e5c   0x00000088   Code   RO           30    i.App_MotionTask    main.o
    0x08001ee4   0x08001ee4   0x000000de   Code   RO           31    i.App_NmeaToDegrees  main.o
    0x08001fc2   0x08001fc2   0x00000002   PAD
    0x08001fc4   0x08001fc4   0x0000054a   Code   RO           32    i.App_OledTask      main.o
    0x0800250e   0x0800250e   0x00000002   PAD
    0x08002510   0x08002510   0x0000007c   Code   RO           33    i.App_OledWriteLine  main.o
    0x0800258c   0x0800258c   0x00000158   Code   RO           34    i.App_PulseTask     main.o
    0x080026e4   0x080026e4   0x000000c8   Code   RO           35    i.App_RtcAddOffset  main.o
    0x080027ac   0x080027ac   0x0000003c   Code   RO           36    i.App_RtcTask       main.o
    0x080027e8   0x080027e8   0x00000060   Code   RO           37    i.App_StepAdjustThreshold  main.o
    0x08002848   0x08002848   0x00000094   Code   RO           38    i.App_StepUpdate    main.o
    0x080028dc   0x080028dc   0x00000074   Code   RO           39    i.App_UpdateTiltFromAccel  main.o
    0x08002950   0x08002950   0x00000012   Code   RO         5133    i.BCD_DEC           ds3231.o
    0x08002962   0x08002962   0x00000002   Code   RO          636    i.BusFault_Handler  stm32l4xx_it.o
    0x08002964   0x08002964   0x000000f8   Code   RO         5085    i.DH11_Read         dht11.o
    0x08002a5c   0x08002a5c   0x0000007c   Code   RO         5086    i.DH11_Read_Byte    dht11.o
    0x08002ad8   0x08002ad8   0x0000008c   Code   RO         5135    i.DS3231_ReadTime   ds3231.o
    0x08002b64   0x08002b64   0x00000008   Code   RO         5136    i.DS3231_ReadTime_ReturnPoint  ds3231.o
    0x08002b6c   0x08002b6c   0x00000002   Code   RO          637    i.DebugMon_Handler  stm32l4xx_it.o
    0x08002b6e   0x08002b6e   0x00000002   PAD
    0x08002b70   0x08002b70   0x00000030   Code   RO         5088    i.Delay_us          dht11.o
    0x08002ba0   0x08002ba0   0x00000006   Code   RO          638    i.EXTI9_5_IRQHandler  stm32l4xx_it.o
    0x08002ba6   0x08002ba6   0x00000004   Code   RO           40    i.Error_Handler     main.o
    0x08002baa   0x08002baa   0x00000002   Code   RO          994    i.HAL_ADCEx_EndOfSamplingCallback  stm32l4xx_hal_adc_ex.o
    0x08002bac   0x08002bac   0x00000002   Code   RO          997    i.HAL_ADCEx_InjectedConvCpltCallback  stm32l4xx_hal_adc_ex.o
    0x08002bae   0x08002bae   0x00000002   Code   RO         1000    i.HAL_ADCEx_InjectedQueueOverflowCallback  stm32l4xx_hal_adc_ex.o
    0x08002bb0   0x08002bb0   0x00000002   Code   RO         1005    i.HAL_ADCEx_LevelOutOfWindow2Callback  stm32l4xx_hal_adc_ex.o
    0x08002bb2   0x08002bb2   0x00000002   Code   RO         1006    i.HAL_ADCEx_LevelOutOfWindow3Callback  stm32l4xx_hal_adc_ex.o
    0x08002bb4   0x08002bb4   0x000000fc   Code   RO         1007    i.HAL_ADCEx_MultiModeConfigChannel  stm32l4xx_hal_adc_ex.o
    0x08002cb0   0x08002cb0   0x000003fe   Code   RO          766    i.HAL_ADC_ConfigChannel  stm32l4xx_hal_adc.o
    0x080030ae   0x080030ae   0x00000002   Code   RO          767    i.HAL_ADC_ConvCpltCallback  stm32l4xx_hal_adc.o
    0x080030b0   0x080030b0   0x00000002   Code   RO          770    i.HAL_ADC_ErrorCallback  stm32l4xx_hal_adc.o
    0x080030b2   0x080030b2   0x00000006   Code   RO          773    i.HAL_ADC_GetValue  stm32l4xx_hal_adc.o
    0x080030b8   0x080030b8   0x00000280   Code   RO          774    i.HAL_ADC_IRQHandler  stm32l4xx_hal_adc.o
    0x08003338   0x08003338   0x000001c4   Code   RO          775    i.HAL_ADC_Init      stm32l4xx_hal_adc.o
    0x080034fc   0x080034fc   0x00000002   Code   RO          776    i.HAL_ADC_LevelOutOfWindowCallback  stm32l4xx_hal_adc.o
    0x080034fe   0x080034fe   0x00000002   PAD
    0x08003500   0x08003500   0x000000a4   Code   RO          408    i.HAL_ADC_MspInit   adc.o
    0x080035a4   0x080035a4   0x000000fc   Code   RO          779    i.HAL_ADC_PollForConversion  stm32l4xx_hal_adc.o
    0x080036a0   0x080036a0   0x000000f4   Code   RO          781    i.HAL_ADC_Start     stm32l4xx_hal_adc.o
    0x08003794   0x08003794   0x0000003e   Code   RO          784    i.HAL_ADC_Stop      stm32l4xx_hal_adc.o
    0x080037d2   0x080037d2   0x0000004a   Code   RO         2489    i.HAL_DMA_Abort     stm32l4xx_hal_dma.o
    0x0800381c   0x0800381c   0x0000004e   Code   RO         2490    i.HAL_DMA_Abort_IT  stm32l4xx_hal_dma.o
    0x0800386a   0x0800386a   0x00000002   PAD
    0x0800386c   0x0800386c   0x00000024   Code   RO         1203    i.HAL_Delay         stm32l4xx_hal.o
    0x08003890   0x08003890   0x00000010   Code   RO         4971    i.HAL_GPIO_EXTI_Callback  max30102.o
    0x080038a0   0x080038a0   0x00000018   Code   RO         1898    i.HAL_GPIO_EXTI_IRQHandler  stm32l4xx_hal_gpio.o
    0x080038b8   0x080038b8   0x0000021e   Code   RO         1899    i.HAL_GPIO_Init     stm32l4xx_hal_gpio.o
    0x08003ad6   0x08003ad6   0x0000000a   Code   RO         1901    i.HAL_GPIO_ReadPin  stm32l4xx_hal_gpio.o
    0x08003ae0   0x08003ae0   0x0000000a   Code   RO         1903    i.HAL_GPIO_WritePin  stm32l4xx_hal_gpio.o
    0x08003aea   0x08003aea   0x00000002   PAD
    0x08003aec   0x08003aec   0x0000000c   Code   RO         1207    i.HAL_GetTick       stm32l4xx_hal.o
    0x08003af8   0x08003af8   0x00000056   Code   RO         2434    i.HAL_I2CEx_ConfigAnalogFilter  stm32l4xx_hal_i2c_ex.o
    0x08003b4e   0x08003b4e   0x00000052   Code   RO         2435    i.HAL_I2CEx_ConfigDigitalFilter  stm32l4xx_hal_i2c_ex.o
    0x08003ba0   0x08003ba0   0x000000bc   Code   RO         1973    i.HAL_I2C_Init      stm32l4xx_hal_i2c.o
    0x08003c5c   0x08003c5c   0x0000016a   Code   RO         1991    i.HAL_I2C_Mem_Read  stm32l4xx_hal_i2c.o
    0x08003dc6   0x08003dc6   0x00000002   PAD
    0x08003dc8   0x08003dc8   0x0000015e   Code   RO         1994    i.HAL_I2C_Mem_Write  stm32l4xx_hal_i2c.o
    0x08003f26   0x08003f26   0x00000002   PAD
    0x08003f28   0x08003f28   0x0000012c   Code   RO          450    i.HAL_I2C_MspInit   i2c.o
    0x08004054   0x08004054   0x00000010   Code   RO         1213    i.HAL_IncTick       stm32l4xx_hal.o
    0x08004064   0x08004064   0x0000001e   Code   RO         1214    i.HAL_Init          stm32l4xx_hal.o
    0x08004082   0x08004082   0x00000002   PAD
    0x08004084   0x08004084   0x00000044   Code   RO         1215    i.HAL_InitTick      stm32l4xx_hal.o
    0x080040c8   0x080040c8   0x0000002c   Code   RO          735    i.HAL_MspInit       stm32l4xx_hal_msp.o
    0x080040f4   0x080040f4   0x0000001a   Code   RO         2986    i.HAL_NVIC_EnableIRQ  stm32l4xx_hal_cortex.o
    0x0800410e   0x0800410e   0x00000002   PAD
    0x08004110   0x08004110   0x00000040   Code   RO         2992    i.HAL_NVIC_SetPriority  stm32l4xx_hal_cortex.o
    0x08004150   0x08004150   0x00000024   Code   RO         2993    i.HAL_NVIC_SetPriorityGrouping  stm32l4xx_hal_cortex.o
    0x08004174   0x08004174   0x00000068   Code   RO         2716    i.HAL_PWREx_ControlVoltageScaling  stm32l4xx_hal_pwr_ex.o
    0x080041dc   0x080041dc   0x00000010   Code   RO         2749    i.HAL_PWREx_GetVoltageRange  stm32l4xx_hal_pwr_ex.o
    0x080041ec   0x080041ec   0x00000010   Code   RO         2608    i.HAL_PWR_EnableBkUpAccess  stm32l4xx_hal_pwr.o
    0x080041fc   0x080041fc   0x00000010   Code   RO         1545    i.HAL_RCCEx_EnableMSIPLLMode  stm32l4xx_hal_rcc_ex.o
    0x0800420c   0x0800420c   0x000003ae   Code   RO         1552    i.HAL_RCCEx_PeriphCLKConfig  stm32l4xx_hal_rcc_ex.o
    0x080045ba   0x080045ba   0x00000002   PAD
    0x080045bc   0x080045bc   0x00000144   Code   RO         1431    i.HAL_RCC_ClockConfig  stm32l4xx_hal_rcc.o
    0x08004700   0x08004700   0x00000024   Code   RO         1437    i.HAL_RCC_GetPCLK1Freq  stm32l4xx_hal_rcc.o
    0x08004724   0x08004724   0x00000024   Code   RO         1438    i.HAL_RCC_GetPCLK2Freq  stm32l4xx_hal_rcc.o
    0x08004748   0x08004748   0x000000a4   Code   RO         1440    i.HAL_RCC_GetSysClockFreq  stm32l4xx_hal_rcc.o
    0x080047ec   0x080047ec   0x00000518   Code   RO         1443    i.HAL_RCC_OscConfig  stm32l4xx_hal_rcc.o
    0x08004d04   0x08004d04   0x00000028   Code   RO         2997    i.HAL_SYSTICK_Config  stm32l4xx_hal_cortex.o
    0x08004d2c   0x08004d2c   0x0000009c   Code   RO         3936    i.HAL_TIMEx_MasterConfigSynchronization  stm32l4xx_hal_tim_ex.o
    0x08004dc8   0x08004dc8   0x00000062   Code   RO         3200    i.HAL_TIM_Base_Init  stm32l4xx_hal_tim.o
    0x08004e2a   0x08004e2a   0x00000002   PAD
    0x08004e2c   0x08004e2c   0x00000040   Code   RO          504    i.HAL_TIM_Base_MspInit  tim.o
    0x08004e6c   0x08004e6c   0x00000078   Code   RO         3203    i.HAL_TIM_Base_Start  stm32l4xx_hal_tim.o
    0x08004ee4   0x08004ee4   0x00000026   Code   RO         3206    i.HAL_TIM_Base_Stop  stm32l4xx_hal_tim.o
    0x08004f0a   0x08004f0a   0x00000002   PAD
    0x08004f0c   0x08004f0c   0x000000e0   Code   RO         3209    i.HAL_TIM_ConfigClockSource  stm32l4xx_hal_tim.o
    0x08004fec   0x08004fec   0x00000050   Code   RO          505    i.HAL_TIM_MspPostInit  tim.o
    0x0800503c   0x0800503c   0x00000124   Code   RO         3272    i.HAL_TIM_PWM_ConfigChannel  stm32l4xx_hal_tim.o
    0x08005160   0x08005160   0x00000062   Code   RO         3275    i.HAL_TIM_PWM_Init  stm32l4xx_hal_tim.o
    0x080051c2   0x080051c2   0x00000002   PAD
    0x080051c4   0x080051c4   0x00000028   Code   RO          507    i.HAL_TIM_PWM_MspInit  tim.o
    0x080051ec   0x080051ec   0x00000104   Code   RO         3280    i.HAL_TIM_PWM_Start  stm32l4xx_hal_tim.o
    0x080052f0   0x080052f0   0x000000ac   Code   RO         3283    i.HAL_TIM_PWM_Stop  stm32l4xx_hal_tim.o
    0x0800539c   0x0800539c   0x00000002   Code   RO         4208    i.HAL_UARTEx_RxEventCallback  stm32l4xx_hal_uart.o
    0x0800539e   0x0800539e   0x00000002   Code   RO         4602    i.HAL_UARTEx_WakeupCallback  stm32l4xx_hal_uart_ex.o
    0x080053a0   0x080053a0   0x00000048   Code   RO           41    i.HAL_UART_ErrorCallback  main.o
    0x080053e8   0x080053e8   0x000002c8   Code   RO         4227    i.HAL_UART_IRQHandler  stm32l4xx_hal_uart.o
    0x080056b0   0x080056b0   0x00000066   Code   RO         4228    i.HAL_UART_Init     stm32l4xx_hal_uart.o
    0x08005716   0x08005716   0x00000002   PAD
    0x08005718   0x08005718   0x000000f8   Code   RO          582    i.HAL_UART_MspInit  usart.o
    0x08005810   0x08005810   0x00000048   Code   RO         4233    i.HAL_UART_Receive_IT  stm32l4xx_hal_uart.o
    0x08005858   0x08005858   0x0000004c   Code   RO           42    i.HAL_UART_RxCpltCallback  main.o
    0x080058a4   0x080058a4   0x000000a4   Code   RO         4237    i.HAL_UART_Transmit  stm32l4xx_hal_uart.o
    0x08005948   0x08005948   0x00000002   Code   RO         4240    i.HAL_UART_TxCpltCallback  stm32l4xx_hal_uart.o
    0x0800594a   0x0800594a   0x00000002   Code   RO          639    i.HardFault_Handler  stm32l4xx_it.o
    0x0800594c   0x0800594c   0x00000022   Code   RO         2020    i.I2C_Flush_TXDR    stm32l4xx_hal_i2c.o
    0x0800596e   0x0800596e   0x00000002   PAD
    0x08005970   0x08005970   0x0000010c   Code   RO         2028    i.I2C_IsErrorOccurred  stm32l4xx_hal_i2c.o
    0x08005a7c   0x08005a7c   0x00000064   Code   RO         2033    i.I2C_RequestMemoryRead  stm32l4xx_hal_i2c.o
    0x08005ae0   0x08005ae0   0x00000064   Code   RO         2034    i.I2C_RequestMemoryWrite  stm32l4xx_hal_i2c.o
    0x08005b44   0x08005b44   0x00000030   Code   RO         2037    i.I2C_TransferConfig  stm32l4xx_hal_i2c.o
    0x08005b74   0x08005b74   0x0000007a   Code   RO         2039    i.I2C_WaitOnFlagUntilTimeout  stm32l4xx_hal_i2c.o
    0x08005bee   0x08005bee   0x00000056   Code   RO         2041    i.I2C_WaitOnSTOPFlagUntilTimeout  stm32l4xx_hal_i2c.o
    0x08005c44   0x08005c44   0x0000005a   Code   RO         2042    i.I2C_WaitOnTXISFlagUntilTimeout  stm32l4xx_hal_i2c.o
    0x08005c9e   0x08005c9e   0x00000002   PAD
    0x08005ca0   0x08005ca0   0x00000048   Code   RO         5196    i.IIC_Ack           iic.o
    0x08005ce8   0x08005ce8   0x0000000e   Code   RO         5198    i.IIC_Delay         iic.o
    0x08005cf6   0x08005cf6   0x00000002   PAD
    0x08005cf8   0x08005cf8   0x00000064   Code   RO         5199    i.IIC_GPIO_Init     iic.o
    0x08005d5c   0x08005d5c   0x00000038   Code   RO         5200    i.IIC_NAck          iic.o
    0x08005d94   0x08005d94   0x00000064   Code   RO         5201    i.IIC_Read_Byte     iic.o
    0x08005df8   0x08005df8   0x00000068   Code   RO         5202    i.IIC_Send_Byte     iic.o
    0x08005e60   0x08005e60   0x00000044   Code   RO         5203    i.IIC_Start         iic.o
    0x08005ea4   0x08005ea4   0x00000034   Code   RO         5204    i.IIC_Stop          iic.o
    0x08005ed8   0x08005ed8   0x0000004c   Code   RO         5205    i.IIC_Wait_Ack      iic.o
    0x08005f24   0x08005f24   0x000000c8   Code   RO         4972    i.Int_MAX30102_AppendSamples  max30102.o
    0x08005fec   0x08005fec   0x0000002c   Code   RO         4973    i.Int_MAX30102_ClearBuffers  max30102.o
    0x08006018   0x08006018   0x0000001c   Code   RO         4974    i.Int_MAX30102_ClearInterrupts  max30102.o
    0x08006034   0x08006034   0x0000000c   Code   RO         4975    i.Int_MAX30102_FingerDetected  max30102.o
    0x08006040   0x08006040   0x000000dc   Code   RO         4976    i.Int_MAX30102_GetSpo2AndHeartRate  max30102.o
    0x0800611c   0x0800611c   0x00000020   Code   RO         4977    i.Int_MAX30102_HandleNoFinger  max30102.o
    0x0800613c   0x0800613c   0x00000094   Code   RO         4978    i.Int_MAX30102_Init  max30102.o
    0x080061d0   0x080061d0   0x00000024   Code   RO         4979    i.Int_MAX30102_ReadByte  max30102.o
    0x080061f4   0x080061f4   0x00000024   Code   RO         4980    i.Int_MAX30102_Read_Len  max30102.o
    0x08006218   0x08006218   0x00000014   Code   RO         4981    i.Int_MAX30102_Reset  max30102.o
    0x0800622c   0x0800622c   0x00000010   Code   RO         4982    i.Int_MAX30102_ResultUpdated  max30102.o
    0x0800623c   0x0800623c   0x0000001c   Code   RO         4983    i.Int_MAX30102_SetOutputsInvalid  max30102.o
    0x08006258   0x08006258   0x000000be   Code   RO         4984    i.Int_MAX30102_SignalStrongEnough  max30102.o
    0x08006316   0x08006316   0x00000002   PAD
    0x08006318   0x08006318   0x0000012a   Code   RO         4985    i.Int_MAX30102_UpdateFingerPresence  max30102.o
    0x08006442   0x08006442   0x00000002   PAD
    0x08006444   0x08006444   0x0000002c   Code   RO         4986    i.Int_MAX30102_WriteByte  max30102.o
    0x08006470   0x08006470   0x0000000c   Code   RO          788    i.LL_ADC_GetOffsetChannel  stm32l4xx_hal_adc.o
    0x0800647c   0x0800647c   0x00000008   Code   RO          789    i.LL_ADC_INJ_IsConversionOngoing  stm32l4xx_hal_adc.o
    0x08006484   0x08006484   0x00000008   Code   RO          790    i.LL_ADC_REG_IsConversionOngoing  stm32l4xx_hal_adc.o
    0x0800648c   0x0800648c   0x00000008   Code   RO         1017    i.LL_ADC_REG_IsConversionOngoing  stm32l4xx_hal_adc_ex.o
    0x08006494   0x08006494   0x00000010   Code   RO          791    i.LL_ADC_REG_IsTriggerSourceSWStart  stm32l4xx_hal_adc.o
    0x080064a4   0x080064a4   0x0000001e   Code   RO          793    i.LL_ADC_SetChannelSamplingTime  stm32l4xx_hal_adc.o
    0x080064c2   0x080064c2   0x00000010   Code   RO          794    i.LL_ADC_SetOffsetState  stm32l4xx_hal_adc.o
    0x080064d2   0x080064d2   0x00000032   Code   RO         5822    i.MPU_Get_Accelerometer  mpu6050.o
    0x08006504   0x08006504   0x00000032   Code   RO         5823    i.MPU_Get_Gyroscope  mpu6050.o
    0x08006536   0x08006536   0x00000076   Code   RO         5825    i.MPU_Init          mpu6050.o
    0x080065ac   0x080065ac   0x0000003a   Code   RO         5826    i.MPU_Read_Byte     mpu6050.o
    0x080065e6   0x080065e6   0x00000002   PAD
    0x080065e8   0x080065e8   0x0000006c   Code   RO         5827    i.MPU_Read_Len      mpu6050.o
    0x08006654   0x08006654   0x0000000a   Code   RO         5828    i.MPU_Set_Accel_Fsr  mpu6050.o
    0x0800665e   0x0800665e   0x0000000a   Code   RO         5829    i.MPU_Set_Gyro_Fsr  mpu6050.o
    0x08006668   0x08006668   0x00000030   Code   RO         5830    i.MPU_Set_LPF       mpu6050.o
    0x08006698   0x08006698   0x0000002e   Code   RO         5831    i.MPU_Set_Rate      mpu6050.o
    0x080066c6   0x080066c6   0x0000003c   Code   RO         5832    i.MPU_Write_Byte    mpu6050.o
    0x08006702   0x08006702   0x00000052   Code   RO         5833    i.MPU_Write_Len     mpu6050.o
    0x08006754   0x08006754   0x0000008c   Code   RO          409    i.MX_ADC1_Init      adc.o
    0x080067e0   0x080067e0   0x0000012c   Code   RO          383    i.MX_GPIO_Init      gpio.o
    0x0800690c   0x0800690c   0x00000058   Code   RO          451    i.MX_I2C1_Init      i2c.o
    0x08006964   0x08006964   0x00000058   Code   RO          452    i.MX_I2C2_Init      i2c.o
    0x080069bc   0x080069bc   0x00000058   Code   RO          453    i.MX_I2C3_Init      i2c.o
    0x08006a14   0x08006a14   0x0000006c   Code   RO          508    i.MX_TIM1_Init      tim.o
    0x08006a80   0x08006a80   0x00000074   Code   RO          509    i.MX_TIM3_Init      tim.o
    0x08006af4   0x08006af4   0x00000068   Code   RO          510    i.MX_TIM4_Init      tim.o
    0x08006b5c   0x08006b5c   0x0000003c   Code   RO          583    i.MX_USART1_UART_Init  usart.o
    0x08006b98   0x08006b98   0x0000003c   Code   RO          584    i.MX_USART3_UART_Init  usart.o
    0x08006bd4   0x08006bd4   0x00000002   Code   RO          640    i.MemManage_Handler  stm32l4xx_it.o
    0x08006bd6   0x08006bd6   0x00000002   Code   RO          641    i.NMI_Handler       stm32l4xx_it.o
    0x08006bd8   0x08006bd8   0x00000020   Code   RO         4725    i.OLED_Init         oled.o
    0x08006bf8   0x08006bf8   0x00000022   Code   RO         4728    i.OLED_Set_Pos      oled.o
    0x08006c1a   0x08006c1a   0x00000002   PAD
    0x08006c1c   0x08006c1c   0x0000009c   Code   RO         4730    i.OLED_ShowChar     oled.o
    0x08006cb8   0x08006cb8   0x00000058   Code   RO         4732    i.OLED_ShowString   oled.o
    0x08006d10   0x08006d10   0x00000024   Code   RO         4736    i.OLED_WR_CMD       oled.o
    0x08006d34   0x08006d34   0x00000024   Code   RO         4737    i.OLED_WR_DATA      oled.o
    0x08006d58   0x08006d58   0x00000002   Code   RO          642    i.PendSV_Handler    stm32l4xx_it.o
    0x08006d5a   0x08006d5a   0x00000002   PAD
    0x08006d5c   0x08006d5c   0x0000012c   Code   RO         1556    i.RCCEx_PLLSAI1_Config  stm32l4xx_hal_rcc_ex.o
    0x08006e88   0x08006e88   0x00000108   Code   RO         1557    i.RCCEx_PLLSAI2_Config  stm32l4xx_hal_rcc_ex.o
    0x08006f90   0x08006f90   0x0000007c   Code   RO         1444    i.RCC_SetFlashLatencyFromMSIRange  stm32l4xx_hal_rcc.o
    0x0800700c   0x0800700c   0x00000002   Code   RO          643    i.SVC_Handler       stm32l4xx_it.o
    0x0800700e   0x0800700e   0x00000004   Code   RO          644    i.SysTick_Handler   stm32l4xx_it.o
    0x08007012   0x08007012   0x00000002   PAD
    0x08007014   0x08007014   0x0000008c   Code   RO           43    i.SystemClock_Config  main.o
    0x080070a0   0x080070a0   0x00000010   Code   RO         4682    i.SystemInit        system_stm32l4xx.o
    0x080070b0   0x080070b0   0x000000d0   Code   RO         3293    i.TIM_Base_SetConfig  stm32l4xx_hal_tim.o
    0x08007180   0x08007180   0x0000001a   Code   RO         3294    i.TIM_CCxChannelCmd  stm32l4xx_hal_tim.o
    0x0800719a   0x0800719a   0x00000014   Code   RO         3304    i.TIM_ETR_SetConfig  stm32l4xx_hal_tim.o
    0x080071ae   0x080071ae   0x00000010   Code   RO         3305    i.TIM_ITRx_SetConfig  stm32l4xx_hal_tim.o
    0x080071be   0x080071be   0x00000002   PAD
    0x080071c0   0x080071c0   0x0000009c   Code   RO         3306    i.TIM_OC1_SetConfig  stm32l4xx_hal_tim.o
    0x0800725c   0x0800725c   0x00000090   Code   RO         3307    i.TIM_OC2_SetConfig  stm32l4xx_hal_tim.o
    0x080072ec   0x080072ec   0x00000090   Code   RO         3308    i.TIM_OC3_SetConfig  stm32l4xx_hal_tim.o
    0x0800737c   0x0800737c   0x00000074   Code   RO         3309    i.TIM_OC4_SetConfig  stm32l4xx_hal_tim.o
    0x080073f0   0x080073f0   0x00000070   Code   RO         3310    i.TIM_OC5_SetConfig  stm32l4xx_hal_tim.o
    0x08007460   0x08007460   0x00000070   Code   RO         3311    i.TIM_OC6_SetConfig  stm32l4xx_hal_tim.o
    0x080074d0   0x080074d0   0x00000022   Code   RO         3313    i.TIM_TI1_ConfigInputStage  stm32l4xx_hal_tim.o
    0x080074f2   0x080074f2   0x00000024   Code   RO         3315    i.TIM_TI2_ConfigInputStage  stm32l4xx_hal_tim.o
    0x08007516   0x08007516   0x000000c8   Code   RO         4242    i.UART_AdvFeatureConfig  stm32l4xx_hal_uart.o
    0x080075de   0x080075de   0x000000a8   Code   RO         4243    i.UART_CheckIdleState  stm32l4xx_hal_uart.o
    0x08007686   0x08007686   0x00000014   Code   RO         4244    i.UART_DMAAbortOnError  stm32l4xx_hal_uart.o
    0x0800769a   0x0800769a   0x0000004c   Code   RO         4254    i.UART_EndRxTransfer  stm32l4xx_hal_uart.o
    0x080076e6   0x080076e6   0x00000002   PAD
    0x080076e8   0x080076e8   0x000000c8   Code   RO         4256    i.UART_RxISR_16BIT  stm32l4xx_hal_uart.o
    0x080077b0   0x080077b0   0x000000c8   Code   RO         4257    i.UART_RxISR_8BIT   stm32l4xx_hal_uart.o
    0x08007878   0x08007878   0x00000248   Code   RO         4258    i.UART_SetConfig    stm32l4xx_hal_uart.o
    0x08007ac0   0x08007ac0   0x000000b8   Code   RO         4260    i.UART_Start_Receive_IT  stm32l4xx_hal_uart.o
    0x08007b78   0x08007b78   0x00000094   Code   RO         4263    i.UART_WaitOnFlagUntilTimeout  stm32l4xx_hal_uart.o
    0x08007c0c   0x08007c0c   0x0000000c   Code   RO          645    i.USART1_IRQHandler  stm32l4xx_it.o
    0x08007c18   0x08007c18   0x0000000c   Code   RO          646    i.USART3_IRQHandler  stm32l4xx_it.o
    0x08007c24   0x08007c24   0x00000002   Code   RO          647    i.UsageFault_Handler  stm32l4xx_it.o
    0x08007c26   0x08007c26   0x00000002   PAD
    0x08007c28   0x08007c28   0x00000020   Code   RO         6234    i.__0printf         mc_w.l(printfa.o)
    0x08007c48   0x08007c48   0x00000030   Code   RO         6235    i.__0snprintf       mc_w.l(printfa.o)
    0x08007c78   0x08007c78   0x00000030   Code   RO         6312    i.__ARM_fpclassify  m_wm.l(fpclassify.o)
    0x08007ca8   0x08007ca8   0x00000026   Code   RO         6314    i.__ARM_fpclassifyf  m_wm.l(fpclassifyf.o)
    0x08007cce   0x08007cce   0x00000020   Code   RO         2999    i.__NVIC_SetPriority  stm32l4xx_hal_cortex.o
    0x08007cee   0x08007cee   0x00000002   PAD
    0x08007cf0   0x08007cf0   0x00000384   Code   RO         5908    i.__hardfp_asin     m_wm.l(asin.o)
    0x08008074   0x08008074   0x00000004   PAD
    0x08008078   0x08008078   0x000002d8   Code   RO         6278    i.__hardfp_atan     m_wm.l(atan.o)
    0x08008350   0x08008350   0x000001f0   Code   RO         5922    i.__hardfp_atan2    m_wm.l(atan2.o)
    0x08008540   0x08008540   0x00000250   Code   RO         5934    i.__hardfp_atan2f   m_wm.l(atan2f.o)
    0x08008790   0x08008790   0x0000003a   Code   RO         5946    i.__hardfp_sqrtf    m_wm.l(sqrtf.o)
    0x080087ca   0x080087ca   0x00000006   PAD
    0x080087d0   0x080087d0   0x00000028   Code   RO         5958    i.__hardfp_strtod   m_wm.l(strtod.o)
    0x080087f8   0x080087f8   0x000000f8   Code   RO         6330    i.__kernel_poly     m_wm.l(poly.o)
    0x080088f0   0x080088f0   0x00000014   Code   RO         6293    i.__mathlib_dbl_infnan  m_wm.l(dunder.o)
    0x08008904   0x08008904   0x00000014   Code   RO         6294    i.__mathlib_dbl_infnan2  m_wm.l(dunder.o)
    0x08008918   0x08008918   0x00000020   Code   RO         6295    i.__mathlib_dbl_invalid  m_wm.l(dunder.o)
    0x08008938   0x08008938   0x00000020   Code   RO         6298    i.__mathlib_dbl_underflow  m_wm.l(dunder.o)
    0x08008958   0x08008958   0x00000006   Code   RO         6318    i.__mathlib_flt_infnan2  m_wm.l(funder.o)
    0x0800895e   0x0800895e   0x00000002   PAD
    0x08008960   0x08008960   0x00000010   Code   RO         6322    i.__mathlib_flt_underflow  m_wm.l(funder.o)
    0x08008970   0x08008970   0x0000000e   Code   RO         6405    i.__scatterload_copy  mc_w.l(handlers.o)
    0x0800897e   0x0800897e   0x00000002   Code   RO         6406    i.__scatterload_null  mc_w.l(handlers.o)
    0x08008980   0x08008980   0x0000000e   Code   RO         6407    i.__scatterload_zeroinit  mc_w.l(handlers.o)
    0x0800898e   0x0800898e   0x00000002   PAD
    0x08008990   0x08008990   0x0000000c   Code   RO         6370    i.__set_errno       mc_w.l(errno.o)
    0x0800899c   0x0800899c   0x0000018a   Code   RO         6241    i._fp_digits        mc_w.l(printfa.o)
    0x08008b26   0x08008b26   0x0000000e   Code   RO         6392    i._is_digit         mc_w.l(scanf_fp.o)
    0x08008b34   0x08008b34   0x000006e2   Code   RO         6242    i._printf_core      mc_w.l(printfa.o)
    0x08009216   0x08009216   0x00000024   Code   RO         6243    i._printf_post_padding  mc_w.l(printfa.o)
    0x0800923a   0x0800923a   0x0000002e   Code   RO         6244    i._printf_pre_padding  mc_w.l(printfa.o)
    0x08009268   0x08009268   0x00000016   Code   RO         6245    i._snputc           mc_w.l(printfa.o)
    0x0800927e   0x0800927e   0x00000002   PAD
    0x08009280   0x08009280   0x00000090   Code   RO         5276    i.accel_self_test   inv_mpu.o
    0x08009310   0x08009310   0x00000010   Code   RO         6280    i.atan              m_wm.l(atan.o)
    0x08009320   0x08009320   0x0000003a   Code   RO         5637    i.dmp_enable_6x_lp_quat  inv_mpu_dmp_motion_driver.o
    0x0800935a   0x0800935a   0x00000002   PAD
    0x0800935c   0x0800935c   0x000001d8   Code   RO         5638    i.dmp_enable_feature  inv_mpu_dmp_motion_driver.o
    0x08009534   0x08009534   0x0000003c   Code   RO         5639    i.dmp_enable_gyro_cal  inv_mpu_dmp_motion_driver.o
    0x08009570   0x08009570   0x0000003a   Code   RO         5640    i.dmp_enable_lp_quat  inv_mpu_dmp_motion_driver.o
    0x080095aa   0x080095aa   0x00000002   PAD
    0x080095ac   0x080095ac   0x00000014   Code   RO         5645    i.dmp_load_motion_driver_firmware  inv_mpu_dmp_motion_driver.o
    0x080095c0   0x080095c0   0x0000014e   Code   RO         5646    i.dmp_read_fifo     inv_mpu_dmp_motion_driver.o
    0x0800970e   0x0800970e   0x00000002   PAD
    0x08009710   0x08009710   0x000000d8   Code   RO         5649    i.dmp_set_accel_bias  inv_mpu_dmp_motion_driver.o
    0x080097e8   0x080097e8   0x00000064   Code   RO         5650    i.dmp_set_fifo_rate  inv_mpu_dmp_motion_driver.o
    0x0800984c   0x0800984c   0x000000cc   Code   RO         5651    i.dmp_set_gyro_bias  inv_mpu_dmp_motion_driver.o
    0x08009918   0x08009918   0x0000010c   Code   RO         5653    i.dmp_set_orientation  inv_mpu_dmp_motion_driver.o
    0x08009a24   0x08009a24   0x00000030   Code   RO         5656    i.dmp_set_shake_reject_thresh  inv_mpu_dmp_motion_driver.o
    0x08009a54   0x08009a54   0x00000020   Code   RO         5657    i.dmp_set_shake_reject_time  inv_mpu_dmp_motion_driver.o
    0x08009a74   0x08009a74   0x00000020   Code   RO         5658    i.dmp_set_shake_reject_timeout  inv_mpu_dmp_motion_driver.o
    0x08009a94   0x08009a94   0x00000040   Code   RO         5659    i.dmp_set_tap_axes  inv_mpu_dmp_motion_driver.o
    0x08009ad4   0x08009ad4   0x00000022   Code   RO         5660    i.dmp_set_tap_count  inv_mpu_dmp_motion_driver.o
    0x08009af6   0x08009af6   0x00000002   PAD
    0x08009af8   0x08009af8   0x00000160   Code   RO         5661    i.dmp_set_tap_thresh  inv_mpu_dmp_motion_driver.o
    0x08009c58   0x08009c58   0x00000020   Code   RO         5662    i.dmp_set_tap_time  inv_mpu_dmp_motion_driver.o
    0x08009c78   0x08009c78   0x00000020   Code   RO         5663    i.dmp_set_tap_time_multi  inv_mpu_dmp_motion_driver.o
    0x08009c98   0x08009c98   0x00000018   Code   RO         6308    i.fabs              m_wm.l(fabs.o)
    0x08009cb0   0x08009cb0   0x0000001c   Code   RO          585    i.fputc             usart.o
    0x08009ccc   0x08009ccc   0x000000b4   Code   RO         5277    i.get_accel_prod_shift  inv_mpu.o
    0x08009d80   0x08009d80   0x0000031a   Code   RO         5278    i.get_st_biases     inv_mpu.o
    0x0800a09a   0x0800a09a   0x00000002   PAD
    0x0800a09c   0x0800a09c   0x000000d4   Code   RO         5279    i.gyro_self_test    inv_mpu.o
    0x0800a170   0x0800a170   0x00000022   Code   RO         5280    i.inv_orientation_matrix_to_scalar  inv_mpu.o
    0x0800a192   0x0800a192   0x00000048   Code   RO         5281    i.inv_row_2_scale   inv_mpu.o
    0x0800a1da   0x0800a1da   0x00000002   PAD
    0x0800a1dc   0x0800a1dc   0x00000178   Code   RO           44    i.main              main.o
    0x0800a354   0x0800a354   0x00000032   Code   RO         4880    i.maxim_find_peaks  algorithm.o
    0x0800a386   0x0800a386   0x00000002   PAD
    0x0800a388   0x0800a388   0x000003c2   Code   RO         4881    i.maxim_heart_rate_and_oxygen_saturation  algorithm.o
    0x0800a74a   0x0800a74a   0x0000006a   Code   RO         4882    i.maxim_peaks_above_min_height  algorithm.o
    0x0800a7b4   0x0800a7b4   0x0000006c   Code   RO         4883    i.maxim_remove_close_peaks  algorithm.o
    0x0800a820   0x0800a820   0x00000032   Code   RO         4884    i.maxim_sort_ascend  algorithm.o
    0x0800a852   0x0800a852   0x00000002   PAD
    0x0800a854   0x0800a854   0x0000003a   Code   RO         4885    i.maxim_sort_indices_descend  algorithm.o
    0x0800a88e   0x0800a88e   0x00000002   Code   RO         5282    i.mget_ms           inv_mpu.o
    0x0800a890   0x0800a890   0x00000054   Code   RO         5283    i.mpu_configure_fifo  inv_mpu.o
    0x0800a8e4   0x0800a8e4   0x00000170   Code   RO         5284    i.mpu_dmp_get_data  inv_mpu.o
    0x0800aa54   0x0800aa54   0x000000a4   Code   RO         5285    i.mpu_dmp_init      inv_mpu.o
    0x0800aaf8   0x0800aaf8   0x0000003c   Code   RO         5286    i.mpu_get_accel_fsr  inv_mpu.o
    0x0800ab34   0x0800ab34   0x00000044   Code   RO         5288    i.mpu_get_accel_sens  inv_mpu.o
    0x0800ab78   0x0800ab78   0x00000034   Code   RO         5294    i.mpu_get_gyro_fsr  inv_mpu.o
    0x0800abac   0x0800abac   0x0000004c   Code   RO         5296    i.mpu_get_gyro_sens  inv_mpu.o
    0x0800abf8   0x0800abf8   0x00000038   Code   RO         5298    i.mpu_get_lpf       inv_mpu.o
    0x0800ac30   0x0800ac30   0x0000001c   Code   RO         5300    i.mpu_get_sample_rate  inv_mpu.o
    0x0800ac4c   0x0800ac4c   0x00000188   Code   RO         5302    i.mpu_init          inv_mpu.o
    0x0800add4   0x0800add4   0x000000a6   Code   RO         5303    i.mpu_load_firmware  inv_mpu.o
    0x0800ae7a   0x0800ae7a   0x00000002   PAD
    0x0800ae7c   0x0800ae7c   0x000000b8   Code   RO         5304    i.mpu_lp_accel_mode  inv_mpu.o
    0x0800af34   0x0800af34   0x00000090   Code   RO         5307    i.mpu_read_fifo_stream  inv_mpu.o
    0x0800afc4   0x0800afc4   0x00000054   Code   RO         5308    i.mpu_read_mem      inv_mpu.o
    0x0800b018   0x0800b018   0x00000160   Code   RO         5311    i.mpu_reset_fifo    inv_mpu.o
    0x0800b178   0x0800b178   0x000000f0   Code   RO         5312    i.mpu_run_self_test  inv_mpu.o
    0x0800b268   0x0800b268   0x00000068   Code   RO         5314    i.mpu_set_accel_fsr  inv_mpu.o
    0x0800b2d0   0x0800b2d0   0x000000dc   Code   RO         5315    i.mpu_set_bypass    inv_mpu.o
    0x0800b3ac   0x0800b3ac   0x00000078   Code   RO         5317    i.mpu_set_dmp_state  inv_mpu.o
    0x0800b424   0x0800b424   0x0000006c   Code   RO         5318    i.mpu_set_gyro_fsr  inv_mpu.o
    0x0800b490   0x0800b490   0x00000064   Code   RO         5319    i.mpu_set_int_latched  inv_mpu.o
    0x0800b4f4   0x0800b4f4   0x0000006c   Code   RO         5321    i.mpu_set_lpf       inv_mpu.o
    0x0800b560   0x0800b560   0x00000080   Code   RO         5322    i.mpu_set_sample_rate  inv_mpu.o
    0x0800b5e0   0x0800b5e0   0x000000b8   Code   RO         5323    i.mpu_set_sensors   inv_mpu.o
    0x0800b698   0x0800b698   0x00000054   Code   RO         5324    i.mpu_write_mem     inv_mpu.o
    0x0800b6ec   0x0800b6ec   0x00000088   Code   RO         5325    i.run_self_test     inv_mpu.o
    0x0800b774   0x0800b774   0x00000058   Code   RO         5326    i.set_int_enable    inv_mpu.o
    0x0800b7cc   0x0800b7cc   0x0000006e   Code   RO         6335    i.sqrt              m_wm.l(sqrt.o)
    0x0800b83a   0x0800b83a   0x0000000c   Data   RO           46    .constdata          main.o
    0x0800b846   0x0800b846   0x00000002   PAD
    0x0800b848   0x0800b848   0x00000040   Data   RO         4683    .constdata          system_stm32l4xx.o
    0x0800b888   0x0800b888   0x00000008   Data   RO         4684    .constdata          system_stm32l4xx.o
    0x0800b890   0x0800b890   0x00000228   Data   RO         4862    .constdata          oledfont.o
    0x0800bab8   0x0800bab8   0x000005e0   Data   RO         4863    .constdata          oledfont.o
    0x0800c098   0x0800c098   0x000000f6   Data   RO         4887    .constdata          algorithm.o
    0x0800c18e   0x0800c18e   0x0000001b   Data   RO         5328    .constdata          inv_mpu.o
    0x0800c1a9   0x0800c1a9   0x00000001   PAD
    0x0800c1aa   0x0800c1aa   0x0000000c   Data   RO         5329    .constdata          inv_mpu.o
    0x0800c1b6   0x0800c1b6   0x00000002   PAD
    0x0800c1b8   0x0800c1b8   0x00000028   Data   RO         5330    .constdata          inv_mpu.o
    0x0800c1e0   0x0800c1e0   0x00000bf6   Data   RO         5665    .constdata          inv_mpu_dmp_motion_driver.o
    0x0800cdd6   0x0800cdd6   0x00000002   PAD
    0x0800cdd8   0x0800cdd8   0x00000050   Data   RO         5911    .constdata          m_wm.l(asin.o)
    0x0800ce28   0x0800ce28   0x00000098   Data   RO         6281    .constdata          m_wm.l(atan.o)
    0x0800cec0   0x0800cec0   0x00000008   Data   RO         6332    .constdata          m_wm.l(qnan.o)
    0x0800cec8   0x0800cec8   0x00000040   Data   RO         6399    .constdata          mc_w.l(ctype_c.o)
    0x0800cf08   0x0800cf08   0x000000e6   Data   RO           47    .conststring        main.o
    0x0800cfee   0x0800cfee   0x00000002   PAD
    0x0800cff0   0x0800cff0   0x0000004d   Data   RO         5331    .conststring        inv_mpu.o
    0x0800d03d   0x0800d03d   0x00000003   PAD
    0x0800d040   0x0800d040   0x00000020   Data   RO         6403    Region$$Table       anon$$obj.o


    Execution Region RW_IRAM2 (Exec base: 0x10000000, Load base: 0x0800d16c, Size: 0x00000000, Max: 0x00008000, ABSOLUTE)

    **** No section assigned to this execution region ****


    Execution Region RW_IRAM1 (Exec base: 0x20000000, Load base: 0x0800d060, Size: 0x000032b8, Max: 0x00018000, ABSOLUTE)

    Exec Addr    Load Addr    Size         Type   Attr      Idx    E Section Name        Object

    0x20000000   0x0800d060   0x00000070   Data   RW           48    .data               main.o
    0x20000070   0x0800d0d0   0x0000000c   Data   RW         1231    .data               stm32l4xx_hal.o
    0x2000007c   0x0800d0dc   0x00000004   Data   RW         4685    .data               system_stm32l4xx.o
    0x20000080   0x0800d0e0   0x00000017   Data   RW         4739    .data               oled.o
    0x20000097   0x0800d0f7   0x00000001   PAD
    0x20000098   0x0800d0f8   0x0000001e   Data   RW         4988    .data               max30102.o
    0x200000b6   0x0800d116   0x00000008   Data   RW         5089    .data               dht11.o
    0x200000be   0x0800d11e   0x00000009   Data   RW         5140    .data               ds3231.o
    0x200000c7   0x0800d127   0x00000001   PAD
    0x200000c8   0x0800d128   0x00000035   Data   RW         5332    .data               inv_mpu.o
    0x200000fd   0x0800d15d   0x00000003   PAD
    0x20000100   0x0800d160   0x00000004   Data   RW         5992    .data               mc_w.l(strtok.o)
    0x20000104   0x0800d164   0x00000004   Data   RW         6359    .data               mc_w.l(stdout.o)
    0x20000108   0x0800d168   0x00000004   Data   RW         6371    .data               mc_w.l(errno.o)
    0x2000010c        -       0x00000346   Zero   RW           45    .bss                main.o
    0x20000452   0x0800d16c   0x00000002   PAD
    0x20000454        -       0x00000064   Zero   RW          410    .bss                adc.o
    0x200004b8        -       0x000000fc   Zero   RW          454    .bss                i2c.o
    0x200005b4        -       0x000000e4   Zero   RW          512    .bss                tim.o
    0x20000698        -       0x00000110   Zero   RW          586    .bss                usart.o
    0x200007a8        -       0x00001760   Zero   RW         4886    .bss                algorithm.o
    0x20001f08        -       0x00000fa0   Zero   RW         4987    .bss                max30102.o
    0x20002ea8        -       0x00000010   Zero   RW         5664    .bss                inv_mpu_dmp_motion_driver.o
    0x20002eb8        -       0x00000400   Zero   RW            1    STACK               startup_stm32l476xx.o


==============================================================================

Image component sizes


      Code (inc. data)   RO Data    RW Data    ZI Data      Debug   Object Name

       304         26          0          0        100       1945   adc.o
      1334         22        246          0       5984       8325   algorithm.o
       420         16          0          8          0       3659   dht11.o
       166         12          0          9          0       2403   ds3231.o
       300         14          0          0          0       1091   gpio.o
       564         62          0          0        252       3327   i2c.o
       642         46          0          0          0       5935   iic.o
      5336        306        156         53          0      31746   inv_mpu.o
      2416        134       3062          0         16      20438   inv_mpu_dmp_motion_driver.o
      6884       1084        242        112        838     913743   main.o
      1368        110          0         30       4000      12924   max30102.o
       640          0          0          0          0       7773   mpu6050.o
       382         20          0         23          0       4654   oled.o
         0          0       2056          0          0        662   oledfont.o
        36          8        392          0       1024        860   startup_stm32l476xx.o
       162         24          0         12          0      14589   stm32l4xx_hal.o
      3286        164          0          0          0      77204   stm32l4xx_hal_adc.o
       270         18          0          0          0      63208   stm32l4xx_hal_adc_ex.o
       198         14          0          0          0      33983   stm32l4xx_hal_cortex.o
       152          0          0          0          0       1859   stm32l4xx_hal_dma.o
       586         42          0          0          0       3762   stm32l4xx_hal_gpio.o
      1748         36          0          0          0      12582   stm32l4xx_hal_i2c.o
       168          0          0          0          0       1983   stm32l4xx_hal_i2c_ex.o
        44          6          0          0          0        906   stm32l4xx_hal_msp.o
        16          4          0          0          0        571   stm32l4xx_hal_pwr.o
       120         20          0          0          0       1418   stm32l4xx_hal_pwr_ex.o
      1988         98          0          0          0       7092   stm32l4xx_hal_rcc.o
      1522         48          0          0          0       4725   stm32l4xx_hal_rcc_ex.o
      2426        272          0          0          0      16790   stm32l4xx_hal_tim.o
       156         26          0          0          0       1492   stm32l4xx_hal_tim_ex.o
      2834         94          0          0          0      14728   stm32l4xx_hal_uart.o
         2          0          0          0          0       1072   stm32l4xx_hal_uart_ex.o
        62         18          0          0          0       6363   stm32l4xx_it.o
        16          4         72          4          0       1257   system_stm32l4xx.o
       512         60          0          0        228       4464   tim.o
       396         38          0          0        272       3275   usart.o

    ----------------------------------------------------------------------
     37534       2846       6270        256      12716    1292808   Object Totals
         0          0         32          0          0          0   (incl. Generated)
        78          0         12          5          2          0   (incl. Padding)

    ----------------------------------------------------------------------

      Code (inc. data)   RO Data    RW Data    ZI Data      Debug   Library Member Name

       900         94         80          0          0        280   asin.o
       744        106        152          0          0        352   atan.o
       496         64          0          0          0        192   atan2.o
       592         90          0          0          0        184   atan2f.o
       104         16          0          0          0        496   dunder.o
        24          0          0          0          0        124   fabs.o
        48          0          0          0          0        124   fpclassify.o
        38          0          0          0          0        116   fpclassifyf.o
        22          6          0          0          0        232   funder.o
       248          0          0          0          0        152   poly.o
         0          0          8          0          0          0   qnan.o
       110          0          0          0          0        148   sqrt.o
        58          0          0          0          0        136   sqrtf.o
        40         10          0          0          0        128   strtod.o
        64          0          0          0          0         84   _sgetc.o
        40          6         64          0          0         68   ctype_c.o
         0          0          0          0          0          0   entry.o
         0          0          0          0          0          0   entry10a.o
         0          0          0          0          0          0   entry11a.o
         8          4          0          0          0          0   entry2.o
         4          0          0          0          0          0   entry5.o
         0          0          0          0          0          0   entry7b.o
         0          0          0          0          0          0   entry8b.o
         8          4          0          0          0          0   entry9a.o
        12          6          0          4          0         68   errno.o
        30          0          0          0          0          0   handlers.o
        36          8          0          0          0         68   init.o
        10          0          0          0          0         68   isspace_c.o
         0          0          0          0          0          0   iusefp.o
        98          0          0          0          0         84   ldiv.o
        30          0          0          0          0         68   llshl.o
        36          0          0          0          0         68   llsshr.o
        32          0          0          0          0         68   llushr.o
        26          0          0          0          0         80   memcmp.o
        64          0          0          0          0         76   memmovea.o
        36          0          0          0          0        108   memseta.o
      2340         94          0          0          0        604   printfa.o
       884         12          0          0          0        216   scanf_fp.o
         0          0          0          4          0          0   stdout.o
        20          0          0          0          0         68   strchr.o
        28          0          0          0          0         76   strcmp.o
        18          0          0          0          0         68   strcpy.o
        14          0          0          0          0         68   strlen.o
        30          0          0          0          0         80   strncmp.o
        24          0          0          0          0         76   strncpy.o
       156         12          0          0          0        120   strtod.o
        68          6          0          4          0         80   strtok.o
        44          0          0          0          0         80   uidiv.o
       104          0          0          0          0         92   uldiv.o
        48          0          0          0          0         68   cdcmple.o
        48          0          0          0          0         68   cdrcmple.o
        56          0          0          0          0         88   d2f.o
       350          0          0          0          0        148   dadd.o
       222          0          0          0          0        100   ddiv.o
       186          0          0          0          0        176   depilogue.o
        48          0          0          0          0         68   dfixul.o
        24          0          0          0          0         76   dfltul.o
       234          0          0          0          0         96   dmul.o
       162          0          0          0          0        100   dsqrt.o
        38          0          0          0          0         68   f2d.o
       110          0          0          0          0        168   fepilogue.o

    ----------------------------------------------------------------------
      9236        538        304         12          0       6424   Library Totals
        22          0          0          0          0          0   (incl. Padding)

    ----------------------------------------------------------------------

      Code (inc. data)   RO Data    RW Data    ZI Data      Debug   Library Name

      3424        386        240          0          0       2664   m_wm.l
      4264        152         64         12          0       2536   mc_w.l
      1526          0          0          0          0       1224   mf_w.l

    ----------------------------------------------------------------------
      9236        538        304         12          0       6424   Library Totals

    ----------------------------------------------------------------------

==============================================================================


      Code (inc. data)   RO Data    RW Data    ZI Data      Debug   

     46770       3384       6574        268      12716    1268956   Grand Totals
     46770       3384       6574        268      12716    1268956   ELF Image Totals
     46770       3384       6574        268          0          0   ROM Totals

==============================================================================

    Total RO  Size (Code + RO Data)                53344 (  52.09kB)
    Total RW  Size (RW Data + ZI Data)             12984 (  12.68kB)
    Total ROM Size (Code + RO Data + RW Data)      53612 (  52.36kB)

==============================================================================

